###############################################################################
#
# IAR ELF Linker V7.80.2.11947/W32 for ARM                09/May/2021  14:36:58
# Copyright 2007-2016 IAR Systems AB.
#
#    Output file  =  DynamicMultiprotocolLightSoc.out
#    Map file     =  
#        C:/Users/DELL/SimplicityStudio/v5_workspace/DynamicMultiprotocolLightSoc/IAR
#        ARM - Default/DynamicMultiprotocolLightSoc.map
#    Command line =  
#        -f
#        "C:\Users\DELL\SimplicityStudio\v5_workspace\DynamicMultiprotocolLightSoc\IAR
#        ARM - Default\ilinkCommandLine_DynamicMultiprotocolLightSoc.out.xcl"
#        (-o DynamicMultiprotocolLightSoc.out --config
#        C:/SiliconLabs/SimplicityStudio/v5/developer/sdks/gecko_sdk_suite/v3.1//platform/base/hal/micro/cortexm3/efm32/iar-cfg.icf
#        --config_def APP_GECKO_INFO_PAGE_BTL=1 --config_def FLASH_SIZE=1048576
#        --config_def RAM_SIZE=262144 --config_def SIMEEPROM_SIZE=36864
#        --config_def LOCKBITS_IN_MAINFLASH_SIZE=0 --config_def
#        EMBER_MALLOC_HEAP_SIZE=16384 --config_def HEADER_SIZE=512 --config_def
#        PSSTORE_SIZE=0 --config_def LONGTOKEN_SIZE=0 --config_def
#        BTL_SIZE=16384 --no_wrap_diagnostics
#        C:/SiliconLabs/SimplicityStudio/v5/developer/sdks/gecko_sdk_suite/v3.1//protocol/zigbee/build/cbke-163k1-stub-library-cortexm3-iar-efr32mg12p-rail/cbke-163k1-stub-library.a
#        C:/SiliconLabs/SimplicityStudio/v5/developer/sdks/gecko_sdk_suite/v3.1//protocol/zigbee/build/multi-network-stub-library-cortexm3-iar-efr32mg12p-rail/multi-network-stub-library.a
#        C:/SiliconLabs/SimplicityStudio/v5/developer/sdks/gecko_sdk_suite/v3.1//protocol/zigbee/build/gp-library-cortexm3-iar-efr32mg12p-rail/gp-library.a
#        C:/SiliconLabs/SimplicityStudio/v5/developer/sdks/gecko_sdk_suite/v3.1//protocol/zigbee/build/sim-eeprom2-to-nvm3-upgrade-library-cortexm3-iar-efr32mg12p-rail/sim-eeprom2-to-nvm3-upgrade-library.a
#        C:/SiliconLabs/SimplicityStudio/v5/developer/sdks/gecko_sdk_suite/v3.1//platform/emdrv/nvm3/lib/libnvm3_CM4_iar.a
#        C:/SiliconLabs/SimplicityStudio/v5/developer/sdks/gecko_sdk_suite/v3.1//protocol/zigbee/build/cbke-library-dsa-verify-283k1-stub-cortexm3-iar-efr32mg12p-rail/cbke-library-dsa-verify-283k1-stub.a
#        C:/SiliconLabs/SimplicityStudio/v5/developer/sdks/gecko_sdk_suite/v3.1//platform/radio/rail_lib/autogen/librail_release/librail_multiprotocol_efr32xg12_iar_release.a
#        C:/SiliconLabs/SimplicityStudio/v5/developer/sdks/gecko_sdk_suite/v3.1//protocol/zigbee/build/hal-library-cortexm3-iar-efr32mg12p-rail/hal-library.a
#        C:/SiliconLabs/SimplicityStudio/v5/developer/sdks/gecko_sdk_suite/v3.1//protocol/zigbee/build/zigbee-pro-stack-cortexm3-iar-efr32mg12p-rail/zigbee-pro-stack.a
#        C:/SiliconLabs/SimplicityStudio/v5/developer/sdks/gecko_sdk_suite/v3.1//protocol/zigbee/build/end-device-bind-stub-library-cortexm3-iar-efr32mg12p-rail/end-device-bind-stub-library.a
#        C:/SiliconLabs/SimplicityStudio/v5/developer/sdks/gecko_sdk_suite/v3.1//protocol/zigbee/build/install-code-library-cortexm3-iar-efr32mg12p-rail/install-code-library.a
#        C:/SiliconLabs/SimplicityStudio/v5/developer/sdks/gecko_sdk_suite/v3.1//protocol/zigbee/build/zll-library-cortexm3-iar-efr32mg12p-rail/zll-library.a
#        C:/SiliconLabs/SimplicityStudio/v5/developer/sdks/gecko_sdk_suite/v3.1//protocol/zigbee/build/cbke-stub-library-cortexm3-iar-efr32mg12p-rail/cbke-stub-library.a
#        C:/SiliconLabs/SimplicityStudio/v5/developer/sdks/gecko_sdk_suite/v3.1//protocol/zigbee/build/sim-eeprom2-library-cortexm3-iar-efr32mg12p-rail/sim-eeprom2-library.a
#        C:/SiliconLabs/SimplicityStudio/v5/developer/sdks/gecko_sdk_suite/v3.1//protocol/zigbee/build/zigbee-r22-support-stub-library-cortexm3-iar-efr32mg12p-rail/zigbee-r22-support-stub-library.a
#        C:/SiliconLabs/SimplicityStudio/v5/developer/sdks/gecko_sdk_suite/v3.1//protocol/zigbee/build/cbke-283k1-stub-library-cortexm3-iar-efr32mg12p-rail/cbke-283k1-stub-library.a
#        C:/SiliconLabs/SimplicityStudio/v5/developer/sdks/gecko_sdk_suite/v3.1//protocol/zigbee/build/cbke-library-dsa-sign-stub-cortexm3-iar-efr32mg12p-rail/cbke-library-dsa-sign-stub.a
#        C:/SiliconLabs/SimplicityStudio/v5/developer/sdks/gecko_sdk_suite/v3.1//protocol/zigbee/build/source-route-library-cortexm3-iar-efr32mg12p-rail/source-route-library.a
#        C:/SiliconLabs/SimplicityStudio/v5/developer/sdks/gecko_sdk_suite/v3.1//protocol/zigbee/build/packet-validate-library-cortexm3-iar-efr32mg12p-rail/packet-validate-library.a
#        C:/SiliconLabs/SimplicityStudio/v5/developer/sdks/gecko_sdk_suite/v3.1//protocol/bluetooth/lib/EFR32MG12P/IAR/libbluetooth.a
#        C:/SiliconLabs/SimplicityStudio/v5/developer/sdks/gecko_sdk_suite/v3.1//protocol/zigbee/build/security-library-link-keys-cortexm3-iar-efr32mg12p-rail/security-library-link-keys.a
#        C:/SiliconLabs/SimplicityStudio/v5/developer/sdks/gecko_sdk_suite/v3.1//protocol/zigbee/build/binding-table-library-cortexm3-iar-efr32mg12p-rail/binding-table-library.a
#        C:/SiliconLabs/SimplicityStudio/v5/developer/sdks/gecko_sdk_suite/v3.1//protocol/zigbee/build/debug-basic-library-cortexm3-iar-efr32mg12p-rail/debug-basic-library.a
#        C:/SiliconLabs/SimplicityStudio/v5/developer/sdks/gecko_sdk_suite/v3.1//protocol/zigbee/build/multi-pan-stub-library-cortexm3-iar-efr32mg12p-rail/multi-pan-stub-library.a
#        C:/SiliconLabs/SimplicityStudio/v5/developer/sdks/gecko_sdk_suite/v3.1//protocol/zigbee/build/cbke-library-dsa-verify-stub-cortexm3-iar-efr32mg12p-rail/cbke-library-dsa-verify-stub.a
#        C:/SiliconLabs/SimplicityStudio/v5/developer/sdks/gecko_sdk_suite/v3.1//protocol/zigbee/build/debug-extended-stub-library-cortexm3-iar-efr32mg12p-rail/debug-extended-stub-library.a
#        --entry __iar_program_start --map
#        "C:/Users/DELL/SimplicityStudio/v5_workspace/DynamicMultiprotocolLightSoc/IAR
#        ARM - Default/DynamicMultiprotocolLightSoc.map" --log_file
#        "C:/Users/DELL/SimplicityStudio/v5_workspace/DynamicMultiprotocolLightSoc/IAR
#        ARM - Default/DynamicMultiprotocolLightSoc.log" --log
#        initialization,modules,sections,veneers --diag_suppress=Lp012
#        --redirect _Printf=_PrintfSmallNoMb --redirect _Scanf=_ScanfFullNoMb
#        ./zll-utility-server/zll-utility-server.o
#        ./zll-scenes-server/zll-scenes-server.o
#        ./zll-on-off-server/zll-on-off-server.o
#        ./zll-identify-server/zll-identify-server.o
#        ./zll-commissioning-server/zll-commissioning-server.o
#        ./zll-commissioning-common/zll-commissioning-cli.o
#        ./zll-commissioning-common/zll-commissioning-common.o
#        ./zcl-framework-core/af-event.o ./zcl-framework-core/af-main-common.o
#        ./zcl-framework-core/af-main-soc.o ./zcl-framework-core/af-node.o
#        ./zcl-framework-core/af-security-common.o
#        ./zcl-framework-core/af-trust-center.o
#        ./zcl-framework-core/attribute-size.o
#        ./zcl-framework-core/attribute-storage.o
#        ./zcl-framework-core/attribute-table.o
#        ./zcl-framework-core/client-api.o ./zcl-framework-core/core-cli.o
#        ./zcl-framework-core/crypto-state.o ./zcl-framework-core/message.o
#        ./zcl-framework-core/multi-network.o
#        ./zcl-framework-core/network-cli.o ./zcl-framework-core/option-cli.o
#        ./zcl-framework-core/plugin-cli.o
#        ./zcl-framework-core/print-formatter.o ./zcl-framework-core/print.o
#        ./zcl-framework-core/process-cluster-message.o
#        ./zcl-framework-core/process-global-message.o
#        ./zcl-framework-core/security-cli.o
#        ./zcl-framework-core/service-discovery-common.o
#        ./zcl-framework-core/service-discovery-soc.o
#        ./zcl-framework-core/time-util.o ./zcl-framework-core/util.o
#        ./zcl-framework-core/zcl-cli.o ./zcl-framework-core/zdo-cli.o
#        ./update-tc-link-key/update-tc-link-key-cli.o
#        ./update-tc-link-key/update-tc-link-key.o
#        ./strong-random/strong-random-api.o ./spidisplay/display.o
#        ./spidisplay/displayls013b7dh03.o ./spidisplay/displaypalemlib.o
#        ./sim-eeprom2-to-nvm3-upgrade/EFR32/sim-eeprom2.o
#        ./serial/EFR32/serial.o ./serial/com.o ./scenes/scenes-cli.o
#        ./scenes/scenes.o ./scan-dispatch/scan-dispatch.o
#        ./rtos-common/os_app_hooks.o ./rtos-common/rtos-main.o
#        ./rtos-common/rtos-sleep.o ./reporting/reporting-cli.o
#        ./reporting/reporting-default-configuration.o ./reporting/reporting.o
#        ./on-off/on-off.o ./nvm3/EFR32/nvm3_default.o
#        ./nvm3/EFR32/nvm3_hal_flash.o ./nvm3/nvm3_lock.o
#        ./network-steering/network-steering-cli.o
#        ./network-steering/network-steering-soc.o
#        ./network-steering/network-steering-v2.o
#        ./network-steering/network-steering.o
#        ./micrium-rtos/EFR32/arm_cpu_dwt_ts.o
#        ./micrium-rtos/EFR32/armv7m_cpu_a.o
#        ./micrium-rtos/EFR32/armv7m_cpu_c.o
#        ./micrium-rtos/EFR32/armv7m_os_cpu_a.o
#        ./micrium-rtos/EFR32/armv7m_os_cpu_c.o ./micrium-rtos/cmsis_os2.o
#        ./micrium-rtos/cpu_core.o ./micrium-rtos/kal_kernel.o
#        ./micrium-rtos/lib_ascii.o ./micrium-rtos/lib_math.o
#        ./micrium-rtos/lib_mem.o ./micrium-rtos/lib_str.o
#        ./micrium-rtos/os_cfg_app.o ./micrium-rtos/os_core.o
#        ./micrium-rtos/os_dbg.o ./micrium-rtos/os_flag.o
#        ./micrium-rtos/os_mon.o ./micrium-rtos/os_msg.o
#        ./micrium-rtos/os_mutex.o ./micrium-rtos/os_prio.o
#        ./micrium-rtos/os_q.o ./micrium-rtos/os_sem.o ./micrium-rtos/os_stat.o
#        ./micrium-rtos/os_task.o ./micrium-rtos/os_time.o
#        ./micrium-rtos/os_tmr.o ./micrium-rtos/os_var.o
#        ./micrium-rtos/rtos_err_str.o ./mbedtls/EFR32/aes.o
#        ./mbedtls/EFR32/aes_aes.o ./mbedtls/EFR32/asn1parse.o
#        ./mbedtls/EFR32/asn1write.o ./mbedtls/EFR32/base64.o
#        ./mbedtls/EFR32/bignum.o ./mbedtls/EFR32/ccm.o
#        ./mbedtls/EFR32/chacha20.o ./mbedtls/EFR32/chachapoly.o
#        ./mbedtls/EFR32/cipher.o ./mbedtls/EFR32/cipher_wrap.o
#        ./mbedtls/EFR32/cmac.o ./mbedtls/EFR32/crypto_aes.o
#        ./mbedtls/EFR32/crypto_ecp.o ./mbedtls/EFR32/crypto_gcm.o
#        ./mbedtls/EFR32/crypto_management.o ./mbedtls/EFR32/cryptoacc_aes.o
#        ./mbedtls/EFR32/cryptoacc_ccm.o ./mbedtls/EFR32/cryptoacc_gcm.o
#        ./mbedtls/EFR32/cryptoacc_management.o ./mbedtls/EFR32/ctr_drbg.o
#        ./mbedtls/EFR32/des.o ./mbedtls/EFR32/ecdh.o ./mbedtls/EFR32/ecdsa.o
#        ./mbedtls/EFR32/ecjpake.o ./mbedtls/EFR32/ecp.o
#        ./mbedtls/EFR32/ecp_curves.o ./mbedtls/EFR32/entropy.o
#        ./mbedtls/EFR32/error.o ./mbedtls/EFR32/gcm.o
#        ./mbedtls/EFR32/mbedtls_cmac.o ./mbedtls/EFR32/mbedtls_ecdsa_ecdh.o
#        ./mbedtls/EFR32/mbedtls_sha.o ./mbedtls/EFR32/md.o
#        ./mbedtls/EFR32/md5.o ./mbedtls/EFR32/oid.o ./mbedtls/EFR32/pem.o
#        ./mbedtls/EFR32/pk.o ./mbedtls/EFR32/pk_wrap.o
#        ./mbedtls/EFR32/pkparse.o ./mbedtls/EFR32/platform_util.o
#        ./mbedtls/EFR32/poly1305.o ./mbedtls/EFR32/psa_crypto.o
#        ./mbedtls/EFR32/psa_crypto_driver_wrappers.o
#        ./mbedtls/EFR32/psa_crypto_slot_management.o
#        ./mbedtls/EFR32/psa_crypto_storage.o ./mbedtls/EFR32/rsa.o
#        ./mbedtls/EFR32/rsa_internal.o ./mbedtls/EFR32/se_aes.o
#        ./mbedtls/EFR32/se_ccm.o ./mbedtls/EFR32/se_gcm.o
#        ./mbedtls/EFR32/se_jpake.o ./mbedtls/EFR32/sha1.o
#        ./mbedtls/EFR32/sha256.o ./mbedtls/EFR32/sha512.o
#        ./mbedtls/EFR32/sl_entropy.o ./mbedtls/EFR32/sl_mbedtls.o
#        ./mbedtls/EFR32/sl_psa_its_nvm3.o ./mbedtls/EFR32/sl_se_management.o
#        ./mbedtls/EFR32/sl_se_manager.o
#        ./mbedtls/EFR32/sl_se_manager_attestation.o
#        ./mbedtls/EFR32/sl_se_manager_cipher.o
#        ./mbedtls/EFR32/sl_se_manager_entropy.o
#        ./mbedtls/EFR32/sl_se_manager_hash.o
#        ./mbedtls/EFR32/sl_se_manager_key_derivation.o
#        ./mbedtls/EFR32/sl_se_manager_key_handling.o
#        ./mbedtls/EFR32/sl_se_manager_signature.o
#        ./mbedtls/EFR32/sl_se_manager_util.o
#        ./mbedtls/EFR32/sli_crypto_transparent_driver_aead.o
#        ./mbedtls/EFR32/sli_crypto_transparent_driver_cipher.o
#        ./mbedtls/EFR32/sli_crypto_transparent_driver_hash.o
#        ./mbedtls/EFR32/sli_crypto_transparent_driver_mac.o
#        ./mbedtls/EFR32/sli_cryptoacc_transparent_driver_aead.o
#        ./mbedtls/EFR32/sli_cryptoacc_transparent_driver_cipher.o
#        ./mbedtls/EFR32/sli_cryptoacc_transparent_driver_hash.o
#        ./mbedtls/EFR32/sli_cryptoacc_transparent_driver_key_derivation.o
#        ./mbedtls/EFR32/sli_cryptoacc_transparent_driver_key_management.o
#        ./mbedtls/EFR32/sli_cryptoacc_transparent_driver_mac.o
#        ./mbedtls/EFR32/sli_cryptoacc_transparent_driver_signature.o
#        ./mbedtls/EFR32/sli_protocol_crypto_crypto.o
#        ./mbedtls/EFR32/sli_protocol_crypto_radioaes.o
#        ./mbedtls/EFR32/sli_psa_driver_init.o
#        ./mbedtls/EFR32/sli_radioaes_management.o
#        ./mbedtls/EFR32/sli_se_driver_aead.o
#        ./mbedtls/EFR32/sli_se_driver_builtin_keys.o
#        ./mbedtls/EFR32/sli_se_driver_cipher.o
#        ./mbedtls/EFR32/sli_se_driver_key_derivation.o
#        ./mbedtls/EFR32/sli_se_driver_key_management.o
#        ./mbedtls/EFR32/sli_se_driver_mac.o
#        ./mbedtls/EFR32/sli_se_driver_signature.o
#        ./mbedtls/EFR32/sli_se_opaque_driver_aead.o
#        ./mbedtls/EFR32/sli_se_opaque_driver_cipher.o
#        ./mbedtls/EFR32/sli_se_opaque_driver_mac.o
#        ./mbedtls/EFR32/sli_se_opaque_key_derivation.o
#        ./mbedtls/EFR32/sli_se_transparent_driver_aead.o
#        ./mbedtls/EFR32/sli_se_transparent_driver_cipher.o
#        ./mbedtls/EFR32/sli_se_transparent_driver_hash.o
#        ./mbedtls/EFR32/sli_se_transparent_driver_mac.o
#        ./mbedtls/EFR32/sli_se_transparent_key_derivation.o
#        ./mbedtls/EFR32/ssl_cache.o ./mbedtls/EFR32/ssl_ciphersuites.o
#        ./mbedtls/EFR32/ssl_cli.o ./mbedtls/EFR32/ssl_cookie.o
#        ./mbedtls/EFR32/ssl_msg.o ./mbedtls/EFR32/ssl_srv.o
#        ./mbedtls/EFR32/ssl_ticket.o ./mbedtls/EFR32/ssl_tls.o
#        ./mbedtls/EFR32/threading.o ./mbedtls/EFR32/x509.o
#        ./mbedtls/EFR32/x509_create.o ./mbedtls/EFR32/x509_crl.o
#        ./mbedtls/EFR32/x509_crt.o ./mbedtls/EFR32/x509_csr.o
#        ./mbedtls/EFR32/x509write_crt.o ./mbedtls/EFR32/x509write_csr.o
#        ./mbedtls-multiprotocol/sl_malloc.o ./kit-drivers/udelay.o
#        ./interpan/interpan-cli.o ./interpan/interpan-soc.o
#        ./interpan/interpan.o ./idle-sleep/idle-sleep-cli.o
#        ./idle-sleep/idle-sleep-soc.o ./idle-sleep/idle-sleep.o
#        ./identify-feedback/identify-feedback.o ./identify/identify-cli.o
#        ./identify/identify.o ./hal-library/EFR32/hal-config-gpio.o
#        ./hal-library/EFR32/hal-config.o ./hal-library/EFR32/sl_mpu.o
#        ./hal-library/EFR32/sl_power_manager.o
#        ./hal-library/EFR32/sl_power_manager_debug.o
#        ./hal-library/EFR32/sl_power_manager_hal_s0_s1.o
#        ./hal-library/EFR32/sl_power_manager_hal_s2.o
#        ./hal-library/EFR32/sl_slist.o ./groups-server/groups-server-cli.o
#        ./groups-server/groups-server.o
#        ./green-power-common/green-power-common.o
#        ./green-power-client/green-power-client-cli.o
#        ./green-power-client/green-power-client.o ./glib/EFR32/graphics.o
#        ./glib/bmp.o ./glib/dmd_display.o ./glib/glib.o ./glib/glib_bitmap.o
#        ./glib/glib_circle.o ./glib/glib_font_narrow_6x8.o
#        ./glib/glib_font_normal_8x8.o ./glib/glib_font_number_16x20.o
#        ./glib/glib_line.o ./glib/glib_polygon.o ./glib/glib_rectangle.o
#        ./glib/glib_string.o ./form-and-join/form-and-join-afv2.o
#        ./form-and-join/form-and-join-node-adapter.o
#        ./form-and-join/form-and-join.o
#        ./find-and-bind-target/find-and-bind-target-cli.o
#        ./find-and-bind-target/find-and-bind-target.o
#        ./external-generated-files/bootloader-interface-app.o
#        ./external-generated-files/bootloader-interface.o
#        ./external-generated-files/btl_interface.o
#        ./external-generated-files/btl_interface_storage.o ./emlib/em_adc.o
#        ./emlib/em_cmu.o ./emlib/em_core.o ./emlib/em_cryotimer.o
#        ./emlib/em_emu.o ./emlib/em_eusart.o ./emlib/em_gpio.o
#        ./emlib/em_i2c.o ./emlib/em_ldma.o ./emlib/em_leuart.o
#        ./emlib/em_msc.o ./emlib/em_prs.o ./emlib/em_rmu.o ./emlib/em_rtcc.o
#        ./emlib/em_se.o ./emlib/em_system.o ./emlib/em_timer.o
#        ./emlib/em_usart.o ./emlib/em_wdog.o ./emlib/system_efr32mg12p.o
#        ./emdrv/dmadrv.o ./emdrv/gpiointerrupt.o ./emdrv/sl_sleeptimer.o
#        ./emdrv/sl_sleeptimer_hal_rtcc.o ./emdrv/tempdrv.o ./emdrv/uartdrv.o
#        ./emdrv/ustimer.o ./ember-minimal-printf/ember-printf.o
#        ./efr32/assert-crash-handlers.o ./efr32/button.o
#        ./efr32/buzzer-efr32.o ./efr32/cstartup-common.o ./efr32/diagnostic.o
#        ./efr32/ext-device.o ./efr32/faults-v7m.o ./efr32/isr-stubs.o
#        ./efr32/led.o ./efr32/mfg-token.o ./efr32/micro-common.o
#        ./efr32/micro.o ./efr32/sleep-efm32.o ./efr32/token.o
#        ./eeprom/eeprom-afv2.o ./eeprom/eeprom-cli.o ./eeprom/eeprom.o
#        ./dmp-ui-demo-stub/dmp-ui-stub.o ./dmp-tuning/dmp-tuning-cli.o
#        ./dmp-tuning/dmp-tuning.o ./debug-jtag/EFR32/debug-jtag-efr32.o
#        ./debug-basic-library/EFR32/SEGGER_RTT.o ./counters/counters-cli.o
#        ./counters/counters-ota.o ./counters/counters-soc.o
#        ./coexistence-stub/EFR32/coexistence-802154.o
#        ./coexistence-stub/EFR32/coulomb-counter-802154.o
#        ./ccm-encryption/ccm-star.o ./ble/ble-cli.o ./ble/ble-interface.o
#        ./ble/sl_bluetooth.o ./ble/sl_bt_mbedtls_context.o
#        ./ble/sl_bt_rtos_adaptation.o ./antenna-stub/antenna-stub.o
#        ./adc/EFR32/adc-efr32.o ./DynamicMultiprotocolLightSoc_callbacks.o
#        ./call-command-handler.o ./callback-stub.o ./command-interpreter2.o
#        ./crc.o ./ember-base-configuration.o ./ember-configuration.o
#        ./endian.o ./gatt_db.o ./library.o ./mem-util.o ./random.o
#        ./security-address-cache.o ./stack-handler-stub.o ./token-def.o
#        ./zigbee-device-common.o ./zigbee-device-library.o
#        ./znet-bookkeeping.o ./znet-cli.o)
#
###############################################################################

*******************************************************************************
*** MESSAGES
***

Warning[Lt009]: Inconsistent wchar_t size
            zll-utility-server.o and 346 other objects have wchar_t size 16 bits
            aps-security.o(zigbee-pro-stack.a) and 276 other objects have wchar_t size 32 bits


*******************************************************************************
*** RUNTIME MODEL ATTRIBUTES
***

CppFlavor                   = *
__Heap_Handler              = DLMalloc
__SystemLibrary             = DLib
__dlib_jmp_buf_num_elements = 16
__dlib_version              = 6


*******************************************************************************
*** PLACEMENT SUMMARY
***

"HEADERS":
       place at start of [0x00000000-0x000001ff] { block HEADER_block };
"APP ro":
       place at start of [0x00000200-0x000fffff] { block APPRO_block };
"SIMEE&LOCKBITS":
       place at end of [0x00000200-0x000fffff] {
          zi section SIMEE, zi section INTERNAL_STORAGE, zi section LONGTOKEN,
          zi section PSSTORE, zi section LOCKBITS_IN_MAINFLASH };
"ResetHeap":
       place at start of [0x20000000-0x2003ffef] { block RESETHEAP };
"Guard":
       place in [from 0x20000000 to 0x2003ffef] { rw section GUARD_REGION };
"APP rw":
       place at end of [0x20000000-0x2003ffef] { block APPRW_block };
do not initialize {
   rw section .noinitlegacy, rw section .noinitnew, rw section CSTACK,
   rw section RESETINFO, rw section EMHEAP, zi section SIMEE,
   zi section INTERNAL_STORAGE, zi section LONGTOKEN, zi section PSSTORE,
   zi section LOCKBITS_IN_MAINFLASH };
initialize by copy { rw };

  Section                Kind        Address     Size  Object
  -------                ----        -------     ----  ------
"HEADERS":                                       0xac
  HEADER_block                    0x00000000     0xac  <Block>
    AAT                  const    0x00000000     0xac  cstartup-common.o [13]
                                - 0x000000ac     0xac

"APP ro":                                     0x6e0a4
  APPRO_block                     0x00000200  0x6e0a4  <Block>
    .intvec              const    0x00000200    0x10c  startup_efr32mg12p.o [69]
    Initializer bytes    const    0x0000030c     0x63  <for .textrw-1>
    .text                         0x00000370  0x5c6d2  <Block>
      .text              ro code  0x00000370    0x134  zll-utility-server.o [55]
      .text              ro code  0x000004a4    0x960  util.o [49]
      .text              ro code  0x00000e04    0x15c  callback-stub.o [1]
      .text              ro code  0x00000f60    0x16c  message.o [49]
      .text              ro code  0x000010cc    0x23c  client-api.o [49]
      .text              ro code  0x00001308    0xa38  attribute-storage.o [49]
      .text              ro code  0x00001d40    0x664  attribute-table.o [49]
      .text              ro code  0x000023a4     0x78  ABImemmove_unaligned.o [78]
      .text              ro code  0x0000241c     0x5c  multi-network.o [49]
      .text              ro code  0x00002478     0x66  ABImemset.o [78]
      .text              ro code  0x000024de      0x2  identify-cli.o [26]
      .text              ro code  0x000024e0    0x17e  af-event.o [49]
      .text              ro code  0x0000265e      0x2  dmp-ui-stub.o [11]
      .text              ro code  0x00002660    0x120  eeprom.o [12]
      .text              ro code  0x00002780    0x2da  zll-commissioning-common.o [50]
      .text              ro code  0x00002a5a      0x2  zigbee-stack.o [83]
      .text              ro code  0x00002a5c    0xe8c  green-power-client.o [22]
      .text              ro code  0x000038e8    0xa64  reporting.o [39]
      .text              ro code  0x0000434c     0x90  dmp-tuning.o [10]
      .text              ro code  0x000043dc     0x4c  ble-interface.o [4]
      .text              ro code  0x00004428     0x84  interpan-soc.o [29]
      .text              ro code  0x000044ac     0x74  idle-sleep-soc.o [28]
      .text              ro code  0x00004520    0x164  counters-soc.o [7]
      .text              ro code  0x00004684   0x194c  association.o [83]
      .text              ro code  0x00005fd0    0x370  ember-stack-common.o [83]
      .text              ro code  0x00006340    0x128  print.o [49]
      .text              ro code  0x00006468    0x114  time-util.o [49]
      .text              ro code  0x0000657c    0x154  print-formatter.o [49]
      .text              ro code  0x000066d0    0x44e  groups-server.o [24]
      .text              ro code  0x00006b1e      0x2  zigbee-stack.o [83]
      .text              ro code  0x00006b20     0x50  process-cluster-message.o [49]
      .text              ro code  0x00006b70    0x53c  process-global-message.o [49]
      .text              ro code  0x000070ac    0x2d0  ember-multi-network-stub.o [75]
      .text              ro code  0x0000737c     0x6a  znet-bookkeeping.o [1]
      .text              ro code  0x000073e6      0x2  zigbee-stack.o [83]
      .text              ro code  0x000073e8      0x6  ABImemclr4.o [78]
      .text              ro code  0x000073ee      0x2  zigbee-stack.o [83]
      .text              ro code  0x000073f0    0x55a  interpan.o [29]
      .text              ro code  0x0000794a      0x2  zigbee-stack.o [83]
      .text              ro code  0x0000794c    0x930  af-main-common.o [49]
      .text              ro code  0x0000827c    0x400  address-table.o [83]
      .text              ro code  0x0000867c    0x4e0  binding-table.o [57]
      .text              ro code  0x00008b5c    0x628  af-main-soc.o [49]
      .text              ro code  0x00009184     0x76  ABImemcpy_unaligned.o [78]
      .text              ro code  0x000091fa      0x2  zigbee-stack.o [83]
      .text              ro code  0x000091fc      0x6  ABImemclr.o [78]
      .text              ro code  0x00009202      0x2  zigbee-stack.o [83]
      .text              ro code  0x00009204     0xa8  micro-common.o [13]
      .text              ro code  0x000092ac     0x6c  attribute-size.o [49]
      .text              ro code  0x00009318    0x260  event-control.o [83]
      .text              ro code  0x00009578    0x17c  scan-dispatch.o [41]
      .text              ro code  0x000096f4     0x10  crypto-state.o [49]
      .text              ro code  0x00009704     0xcc  bootloader-interface-app.o [17]
      .text              ro code  0x000097d0     0x3a  ABImemset48.o [78]
      .text              ro code  0x0000980a      0x2  startup_efr32mg12p.o [69]
      .text              ro code  0x0000980c    0x1f0  assert-crash-handlers.o [13]
      .text              ro code  0x000099fc    0x9dc  scenes.o [42]
      .text              ro code  0x0000a3d8    0x8ac  zll-api.o [85]
      .text              ro code  0x0000ac84    0x130  zll-commissioning-server.o [51]
      .text              ro code  0x0000adb4    0x496  leave.o [83]
      .text              ro code  0x0000b24a    0x128  zll-tokens.o [85]
      .text              ro code  0x0000b372      0x2  startup_efr32mg12p.o [69]
      .text              ro code  0x0000b374    0xd8c  gp-data.o [68]
      .text              ro code  0x0000c100    0x64e  zigbee-scan.o [83]
      .text              ro code  0x0000c74e      0x2  startup_efr32mg12p.o [69]
      .text              ro code  0x0000c750     0xf8  zigbee-dispatch.o [83]
      .text              ro code  0x0000c848    0x15e  green-power-common.o [23]
      .text              ro code  0x0000c9a6     0x1a  xsnprout.o [66]
      .text              ro code  0x0000c9c0    0x824  gp-proxy-table.o [68]
      .text              ro code  0x0000d1e4    0x4f0  zigbee-stack.o [83]
      .text              ro code  0x0000d6d4   0x1bdc  network.o [83]
      .text              ro code  0x0000f2b0     0x7a  gp-util.o [68]
      .text              ro code  0x0000f32c    0x262  green-power-client-cli.o [22]
      .text              ro code  0x0000f590    0x36c  token.o [13]
      .text              ro code  0x0000f8fc    0x104  reporting-default-configuration.o [39]
      .text              ro code  0x0000fa00    0x138  system-timer.o [69]
      .text              ro code  0x0000fb38   0x1438  lower-mac-rail-802.15.4.o [83]
      .text              ro code  0x00010f70    0x280  sl_bt_rtos_adaptation.o [4]
      .text              ro code  0x000111f0    0xe88  DynamicMultiprotocolLightSoc_callbacks.o [1]
      .text              ro code  0x00012078    0x840  buffer-management.o [83]
      .text              ro code  0x000128b8    0x26c  zigbee-upper-mac.o [83]
      .text              ro code  0x00012b24    0x2d0  mac-dispatch.o [83]
      .text              ro code  0x00012df4      0x8  em_core.o [16]
      .text              ro code  0x00012dfc     0xcc  idle-sleep.o [28]
      .text              ro code  0x00012ec8     0x7a  rtos-sleep.o [40]
      .text              ro code  0x00012f42      0x8  em_core.o [16]
      .text              ro code  0x00012f4c    0x380  sl_power_manager.o [25]
      .text              ro code  0x000132cc     0x32  enhanced-beacon-request-stub.o [84]
      .text              ro code  0x00013300    0xa68  beacon-handling.o [83]
      .text              ro code  0x00013d68    0x408  child-handling.o [83]
      .text              ro code  0x00014170    0xa2c  zigbee-device-util.o [83]
      .text              ro code  0x00014b9c    0x188  token-cache.o [83]
      .text              ro code  0x00014d24    0x3a6  management.o [83]
      .text              ro code  0x000150cc    0xa68  upper-mac.o [83]
      .text              ro code  0x00015b34     0x1a  debug-extended-stub.o [65]
      .text              ro code  0x00015b50     0xa6  multi-pan-stub.o [76]
      .text              ro code  0x00015bf8    0x4d0  scan.o [83]
      .text              ro code  0x000160c8    0x42c  random-id.o [83]
      .text              ro code  0x000164f4    0xf8c  aps-security.o [83]
      .text              ro code  0x00017480    0x850  child.o [83]
      .text              ro code  0x00017cd0      0xe  zdo-r22-stub.o [84]
      .text              ro code  0x00017ce0    0x1e8  command.o [83]
      .text              ro code  0x00017ec8    0x210  child-aging.o [83]
      .text              ro code  0x000180d8      0xc  ember-multi-phy-stub.o [83]
      .text              ro code  0x000180e4     0x48  ember-configuration.o [1]
      .text              ro code  0x0001812c      0xc  mac-header.o [83]
      .text              ro code  0x00018138      0x8  mac-header.o [83]
      .text              ro code  0x00018140    0x680  zigbee-packet-header.o [83]
      .text              ro code  0x000187c0    0x22e  mac-packet-header.o [83]
      .text              ro code  0x000189f0    0x550  mac-child.o [83]
      .text              ro code  0x00018f40    0x6fc  indirect-queue.o [83]
      .text              ro code  0x0001963c    0x32e  retry.o [83]
      .text              ro code  0x0001996c    0x9bc  neighbor.o [83]
      .text              ro code  0x0001a328    0x6ac  trust-center-util.o [83]
      .text              ro code  0x0001a9d4     0x62  memcmp_unaligned.o [78]
      .text              ro code  0x0001aa38     0xb0  mac-flat-header.o [83]
      .text              ro code  0x0001aae8     0x34  mac-info-element-parsing-stub.o [84]
      .text              ro code  0x0001ab1c    0x79c  aps-keys.o [83]
      .text              ro code  0x0001b2b8    0x18e  buffer-queue.o [83]
      .text              ro code  0x0001b446      0xe  cbke-crypto-engine-stub.o [63]
      .text              ro code  0x0001b454     0x9c  strong-random-api.o [47]
      .text              ro code  0x0001b4f0    0x2b6  ember-printf.o [14]
      .text              ro code  0x0001b7a8     0xb8  serial.o [44]
      .text              ro code  0x0001b860    0x954  call-command-handler.o [1]
      .text              ro code  0x0001c1b4     0x50  random.o [1]
      .text              ro code  0x0001c204    0x238  zigbee-neighbor.o [83]
      .text              ro code  0x0001c43c      0xe  form-and-join-afv2.o [19]
      .text              ro code  0x0001c44c      0xc  network-steering-soc.o [35]
      .text              ro code  0x0001c458    0x104  update-tc-link-key.o [48]
      .text              ro code  0x0001c55c    0x280  zigbee-device-library.o [1]
      .text              ro code  0x0001c7dc    0x480  service-discovery-common.o [49]
      .text              ro code  0x0001cc5c    0x6b8  network-steering-v2.o [35]
      .text              ro code  0x0001d314    0xa60  aps-retry.o [83]
      .text              ro code  0x0001dd74    0x564  micro.o [13]
      .text              ro code  0x0001e2d8     0xa4  cstartup-common.o [13]
      .text              ro code  0x0001e37c    0x39c  diagnostic.o [13]
      .text              ro code  0x0001e718     0x9c  security-address-cache.o [1]
      .text              ro code  0x0001e7b4    0x766  command-interpreter2.o [1]
      .text              ro code  0x0001ef1c    0x1b2  mfg-token.o [13]
      .text              ro code  0x0001f0d0    0xb6c  application-support.o [83]
      .text              ro code  0x0001fc3c    0x2d4  legacy-packet-buffer.o [83]
      .text              ro code  0x0001ff10    0x164  aes-mmo.o [83]
      .text              ro code  0x00020074    0x280  source-route-update.o [82]
      .text              ro code  0x000202f4    0x356  form-and-join.o [19]
      .text              ro code  0x0002064c      0x4  faults-v7m.o [13]
      .text              ro code  0x00020650    0xa38  em_cmu.o [16]
      .text              ro code  0x00021088     0x84  em_rmu.o [16]
      .text              ro code  0x0002110c     0xc6  em_wdog.o [16]
      .text              ro code  0x000211d2      0xc  em_core.o [16]
      .text              ro code  0x000211de      0x6  em_core.o [16]
      .text              ro code  0x000211e4     0x1a  em_core.o [16]
      .text              ro code  0x00021200    0x110  rtos-main.o [40]
      .text              ro code  0x00021310     0xa0  btl_interface.o [17]
      .text              ro code  0x000213b0    0x2b0  debug.o [64]
      .text              ro code  0x00021660     0x4c  micro-internal.o [69]
      .text              ro code  0x000216ac    0x1b4  zll-scenes-server.o [54]
      .text              ro code  0x00021860    0xa1c  zll-interpan.o [85]
      .text              ro code  0x0002227c    0x198  zll-security.o [85]
      .text              ro code  0x00022414     0xe8  af-trust-center.o [49]
      .text              ro code  0x000224fc     0xb8  aes-efm32.o [83]
      .text              ro code  0x000225b4    0x4b2  crypto.o [83]
      .text              ro code  0x00022a68    0x3fc  mac-command.o [83]
      .text              ro code  0x00022e64      0x2  symbol-timer.o [83]
      .text              ro code  0x00022e68    0x234  debug-jtag-efr32.o [9]
      .text              ro code  0x0002309c     0x94  ember-library.o [83]
      .text              ro code  0x00023130    0x61c  rail_rf.o [73]
      .text              ro code  0x0002374c     0x18  eui64.o [83]
      .text              ro code  0x00023764     0x12  phy-util.o [83]
      .text              ro code  0x00023778    0x126  multi-pan-common.o [76]
      .text              ro code  0x0002389e      0x6  cbke-crypto-engine-163k1-stub.o [58]
      .text              ro code  0x000238a4      0x6  cbke-crypto-engine-283k1-stub.o [59]
      .text              ro code  0x000238ac    0x254  broadcast.o [83]
      .text              ro code  0x00023b00    0x5cc  route-table.o [83]
      .text              ro code  0x000240cc     0x50  micro-common-internal.o [69]
      .text              ro code  0x0002411c     0xa0  unicast-table.o [83]
      .text              ro code  0x000241bc    0x67c  source-route-table.o [82]
      .text              ro code  0x00024838    0x248  store-forward.o [83]
      .text              ro code  0x00024a80    0x5e4  aps-encryption.o [83]
      .text              ro code  0x00025064    0x358  jit.o [83]
      .text              ro code  0x000253bc    0x832  route-discovery.o [83]
      .text              ro code  0x00025bf0    0x3bc  mac-header.o [83]
      .text              ro code  0x00025fac     0xaa  led.o [13]
      .text              ro code  0x00026058    0x118  zigbee-mac-header.o [83]
      .text              ro code  0x00026170    0x2d0  packet-validate.o [77]
      .text              ro code  0x00026440    0x17c  route-error.o [83]
      .text              ro code  0x000265bc    0x428  neighbor-exchange.o [83]
      .text              ro code  0x000269e4    0x2c6  sim-eeprom2-to-nvm3-upgrade.o [81]
      .text              ro code  0x00026cac   0x1f42  nvm3.o [72]
      .text              ro code  0x00028bf0     0x8e  ember-base-configuration.o [1]
      .text              ro code  0x00028c80    0x5a4  sl_sleeptimer.o [15]
      .text              ro code  0x00029224    0x118  ustimer.o [15]
      .text              ro code  0x0002933c    0x1c4  sleep-efm32.o [13]
      .text              ro code  0x00029500     0x10  coexistence-802154.o [6]
      .text              ro code  0x00029510    0xa0a  rail_multiprotocol.o [73]
      .text              ro code  0x00029f1c    0x104  hal-config.o [25]
      .text              ro code  0x0002a020    0x1c8  rail_tx.o [73]
      .text              ro code  0x0002a1e8    0x218  rail_ieee802154.o [73]
      .text              ro code  0x0002a400    0x1fc  rail_data.o [73]
      .text              ro code  0x0002a5fc    0x102  rail_calibration.o [73]
      .text              ro code  0x0002a6fe     0x80  rail_timer.o [73]
      .text              ro code  0x0002a77e      0xc  antenna-stub.o [3]
      .text              ro code  0x0002a78c    0x11e  rail_autoack.o [73]
      .text              ro code  0x0002a8ac     0xb4  rail_rx.o [73]
      .text              ro code  0x0002a960     0x6c  rail_rssi.o [73]
      .text              ro code  0x0002a9cc    0x46a  cmsis_os2.o [33]
      .text              ro code  0x0002ae38    0x51e  bgapi.c.obj [71]
      .text              ro code  0x0002b358     0x28  sl_bluetooth.o [4]
      .text              ro code  0x0002b380    0x3fc  bglib.c.obj [71]
      .text              ro code  0x0002b77c      0xc  sl_bt.c.obj [71]
      .text              ro code  0x0002b788     0x74  ll_task.c.obj [71]
      .text              ro code  0x0002b7fc    0x1a8  sl_bt_class_gatt_server.c.obj [71]
      .text              ro code  0x0002b9a4    0x540  aps-keys-transient.o [83]
      .text              ro code  0x0002bee4     0xb4  sl_bt_class_system.c.obj [71]
      .text              ro code  0x0002bf98    0x1d4  sl_bt_class_advertiser.c.obj [71]
      .text              ro code  0x0002c16c    0x168  sl_bt_class_connection.c.obj [71]
      .text              ro code  0x0002c2d4    0x18c  sl_bt_class_gatt.c.obj [71]
      .text              ro code  0x0002c460     0x44  snprintf.o [66]
      .text              ro code  0x0002c4a4     0x16  strnlen.o [66]
      .text              ro code  0x0002c4bc     0x42  strcmp_unaligned.o [78]
      .text              ro code  0x0002c500    0x8d4  com.o [43]
      .text              ro code  0x0002cdd4      0x8  em_core.o [16]
      .text              ro code  0x0002cddc      0x6  em_core.o [16]
      .text              ro code  0x0002cde2     0x10  sl_slist.o [25]
      .text              ro code  0x0002cdf4    0x1e8  sl_power_manager_hal_s0_s1.o [25]
      .text              ro code  0x0002cfdc    0x1c0  armv7m_os_cpu_c.o [34]
      .text              ro code  0x0002d19c    0xb34  zigbee-device.o [83]
      .text              ro code  0x0002dcd0      0x8  end-device-bind-stub.o [67]
      .text              ro code  0x0002dcd8     0x8c  multi-network.o [83]
      .text              ro code  0x0002dd64     0x68  install-code-tokens.o [70]
      .text              ro code  0x0002ddcc     0x62  hmac.o [83]
      .text              ro code  0x0002de30    0x31c  aps-keys-full.o [79]
      .text              ro code  0x0002e14c      0x2  ember-duty-cycle-stub.o [83]
      .text              ro code  0x0002e150     0x22  I64Shl.o [78]
      .text              ro code  0x0002e174     0xc8  security-config-mfg.o [83]
      .text              ro code  0x0002e23c    0x2bc  entropy.o [32]
      .text              ro code  0x0002e4f8    0x424  ctr_drbg.o [32]
      .text              ro code  0x0002e91c    0x124  identify.o [26]
      .text              ro code  0x0002ea40    0x142  zll-identify-server.o [52]
      .text              ro code  0x0002eb84    0x114  on-off.o [38]
      .text              ro code  0x0002ec98    0x3fc  zll-on-off-server.o [53]
      .text              ro code  0x0002f094     0x54  form-and-join-node-adapter.o [19]
      .text              ro code  0x0002f0e8    0x100  zigbee-device-common.o [1]
      .text              ro code  0x0002f1e8     0x5c  service-discovery-soc.o [49]
      .text              ro code  0x0002f244     0x18  af-security-common.o [49]
      .text              ro code  0x0002f25c    0x174  sl_mpu.o [25]
      .text              ro code  0x0002f3d0    0x1ec  tempdrv.o [15]
      Veneer             ro code  0x0002f5bc      0x8  - Linker created -
      .text              ro code  0x0002f5c4    0x8ce  em_emu.o [16]
      .text              ro code  0x0002fe94    0x2d8  rail_power_manager.o [73]
      .text              ro code  0x0003016c     0x1c  pa_conversions_efr32.o [73]
      .text              ro code  0x00030188      0x4  hal-config-gpio.o [25]
      .text              ro code  0x0003018c    0x548  core-cli.o [49]
      Veneer             ro code  0x000306d4      0x8  - Linker created -
      .text              ro code  0x000306dc     0xec  flash.o [69]
      .text              ro code  0x000307c8      0x4  cbke-crypto-engine-dsa-sign-stub.o [60]
      .text              ro code  0x000307cc     0x70  faults-v7m.o [13]
      .text              ro code  0x0003083c     0xc4  system_efr32mg12p.o [16]
      .text              ro code  0x00030900     0x18  cpu_core.o [33]
      .text              ro code  0x00030918     0x96  os_app_hooks.o [40]
      .text              ro code  0x000309b0     0x6c  sl_mbedtls.o [32]
      .text              ro code  0x00030a1c     0x36  strlen.o [78]
      .text              ro code  0x00030a54     0x26  crc.o [1]
      .text              ro code  0x00030a7a    0x36c  crypto_aes.o [32]
      .text              ro code  0x00030de8     0xfc  ccm-star.o [5]
      .text              ro code  0x00030ee4    0x16c  em_gpio.o [16]
      .text              ro code  0x00031050    0x180  SEGGER_RTT.o [8]
      .text              ro code  0x000311d0     0x28  rfhal_module.o [73]
      .text              ro code  0x000311f8   0x1f18  rail_rf_hal.o [73]
      .text              ro code  0x00033110     0x18  rail_assert.o [73]
      .text              ro code  0x00033128     0xd8  pa_conversions_efr32.o [73]
      .text              ro code  0x00033200    0x242  nvm3_page.o [72]
      .text              ro code  0x00033444     0xa0  sim-eeprom2.o [45]
      .text              ro code  0x000334e4    0xe7c  sim-eeprom2-internal.o [80]
      .text              ro code  0x00034360    0x1ba  nvm3_object.o [72]
      .text              ro code  0x0003451c    0x242  nvm3_cache.o [72]
      .text              ro code  0x0003475e     0x3e  nvm3_utils.o [72]
      .text              ro code  0x0003479c     0x10  nvm3_lock.o [36]
      .text              ro code  0x000347ac      0xc  nvm3_lock.o [36]
      .text              ro code  0x000347b8      0x2  nvm3_lock.o [36]
      .text              ro code  0x000347bc    0x190  sl_sleeptimer_hal_rtcc.o [15]
      .text              ro code  0x0003494c     0xee  I64DivMod.o [78]
      .text              ro code  0x00034a3c     0x1e  U64Shr.o [78]
      .text              ro code  0x00034a5c    0x12c  em_timer.o [16]
      .text              ro code  0x00034b88     0x54  em_core.o [16]
      .text              ro code  0x00034bdc      0x4  em_core.o [16]
      .text              ro code  0x00034be0    0x2e6  tmrdrv.o [73]
      .text              ro code  0x00034ec8    0x50a  radio_scheduler.o [73]
      .text              ro code  0x000353d4    0x53a  rfhal_protimer.o [73]
      .text              ro code  0x00035910    0x172  button.o [13]
      .text              ro code  0x00035a82      0x6  rail_pti.o [73]
      .text              ro code  0x00035a88     0xc8  pa_conversions_efr32.o [73]
      .text              ro code  0x00035b50    0x200  rail_ieee802154_rf_hal.o [73]
      .text              ro code  0x00035d50     0x64  rfhal_ircal.o [73]
      .text              ro code  0x00035db4     0x18  em_core.o [16]
      .text              ro code  0x00035dcc    0x86e  os_core.o [33]
      .text              ro code  0x0003663c    0x168  os_time.o [33]
      .text              ro code  0x000367a4   0x14f4  dlmalloc.o [66]
      .text              ro code  0x00037c98    0x3e0  os_flag.o [33]
      .text              ro code  0x00038078    0x4de  os_mutex.o [33]
      .text              ro code  0x00038558    0x500  os_task.o [33]
      .text              ro code  0x00038a58    0x2e4  acl.c.obj [71]
      .text              ro code  0x00038d3c      0x4  sl_memory_profiler-stubs.c.obj [71]
      .text              ro code  0x00038d40      0x2  sl_memory_profiler-stubs.c.obj [71]
      .text              ro code  0x00038d44    0xa08  bgbuf.c.obj [71]
      .text              ro code  0x0003974c    0x140  pskeys.c.obj [71]
      .text              ro code  0x0003988c     0xc0  efr32xg1x.c.obj [71]
      .text              ro code  0x0003994c     0x94  vectors_efr32xg1x.c.obj [71]
      .text              ro code  0x000399e0     0x20  timer.c.obj [71]
      .text              ro code  0x00039a00    0x11a  irq.c.obj [71]
      .text              ro code  0x00039b1c     0x80  bg_malloc_sl.c.obj [71]
      .text              ro code  0x00039b9c     0x20  bgapi_system_start_stop-stubs.c.obj [71]
      .text              ro code  0x00039bbc    0x12c  bg_pool.c.obj [71]
      .text              ro code  0x00039ce8    0x20e  ubt.c.obj [71]
      .text              ro code  0x00039ef6     0x10  sl_bt_mbedtls_context.o [4]
      .text              ro code  0x00039f08    0x440  bondingdb.c.obj [71]
      .text              ro code  0x0003a348    0x27c  ll_init.c.obj [71]
      .text              ro code  0x0003a5c4    0x458  bg_message.c.obj [71]
      .text              ro code  0x0003aa1c      0x2  ll_adv_sync-stubs.c.obj [71]
      .text              ro code  0x0003aa1e      0x4  gap_periodic_adv-stubs.c.obj [71]
      .text              ro code  0x0003aa22      0x6  ll_scan_sync-stubs.c.obj [71]
      .text              ro code  0x0003aa28      0x4  gap_periodic_scan-stubs.c.obj [71]
      .text              ro code  0x0003aa2c    0x110  bg_event.c.obj [71]
      .text              ro code  0x0003ab3c     0xdc  init.c.obj [71]
      .text              ro code  0x0003ac18      0x4  power_control_stubs.c.obj [71]
      .text              ro code  0x0003ac1c     0xca  ubt_gatt.c.obj [71]
      .text              ro code  0x0003ace8    0x9f2  gap.c.obj [71]
      .text              ro code  0x0003b6da      0x4  bgapi_system_start_stop-stubs.c.obj [71]
      .text              ro code  0x0003b6de      0x4  bgapi_system_start_stop-stubs.c.obj [71]
      .text              ro code  0x0003b6e4      0x8  bgapi_system_start_stop-stubs.c.obj [71]
      .text              ro code  0x0003b6ec      0x2  bgapi_system_start_stop-stubs.c.obj [71]
      .text              ro code  0x0003b6f0     0x80  ll_radio_multiprotocol.c.obj [71]
      .text              ro code  0x0003b770    0x4d8  xprintfsmall_nomb.o [66]
      .text              ro code  0x0003bc48   0x19e6  uartdrv.o [15]
      .text              ro code  0x0003d630    0x1f4  em_usart.o [16]
      .text              ro code  0x0003d824     0xd2  em_leuart.o [16]
      .text              ro code  0x0003d8f8    0x1c0  zdo-binding-table.o [57]
      .text              ro code  0x0003dab8    0x3e4  zdo-channel.o [83]
      .text              ro code  0x0003de9c     0x88  mbedtls_sha.o [32]
      .text              ro code  0x0003df24     0x42  sha256.o [32]
      .text              ro code  0x0003df68     0x14  platform_util.o [32]
      .text              ro code  0x0003df7c     0x6c  identify-feedback.o [27]
      .text              ro code  0x0003dfe8      0x4  faults-v7m.o [13]
      .text              ro code  0x0003dfec    0x1a4  em_msc.o [16]
      .text              ro code  0x0003e190     0x38  arm_cpu_dwt_ts.o [34]
      .text              ro code  0x0003e1c8     0x2c  threading.o [32]
      .text              ro code  0x0003e1f4    0x478  crypto_management.o [32]
      .text              ro code  0x0003e66c     0x90  em_crypto.o [83]
      .text              ro code  0x0003e6fc    0x398  ccm.o [32]
      .text              ro code  0x0003ea94    0x2f4  rfhal_timings.o [73]
      .text              ro code  0x0003ed88    0x2b6  rail_ble_rf_hal.o [73]
      .text              ro code  0x0003f040    0x75c  rfhal_radio.o [73]
      .text              ro code  0x0003f79c   0x11d4  generic_phy.o [73]
      .text              ro code  0x00040970    0x800  rfhal_pa.o [73]
      .text              ro code  0x00041170    0x654  rfhal_bufc.o [73]
      .text              ro code  0x000417c4     0x26  rail_rf.o [73]
      .text              ro code  0x000417ec     0x58  rfhal_tempcal.o [73]
      .text              ro code  0x00041844    0x17e  rfhal_rftest.o [73]
      .text              ro code  0x000419c4    0x334  rfhal_synth.o [73]
      .text              ro code  0x00041cf8      0x4  rfhal_antenna.o [73]
      .text              ro code  0x00041cfc     0x2a  cortex_utils.o [73]
      .text              ro code  0x00041d28    0x138  rfhal_rand.o [73]
      .text              ro code  0x00041e60    0x196  rfhal_pti.o [73]
      .text              ro code  0x00041ff8    0x418  rfhal_rtccsync.o [73]
      .text              ro code  0x00042410     0x78  em_rtcc.o [16]
      .text              ro code  0x00042488      0x2  I64DivZer.o [78]
      .text              ro code  0x0004248c     0x28  tmrdrv_config.o [73]
      .text              ro code  0x000424b4     0xc0  gpiointerrupt.o [15]
      .text              ro code  0x00042574     0x84  os_prio.o [33]
      .text              ro code  0x000425f8     0x50  os_msg.o [33]
      .text              ro code  0x00042648    0x290  os_stat.o [33]
      .text              ro code  0x000428d8    0x230  os_dbg.o [33]
      .text              ro code  0x00042b08      0x2  os_cfg_app.o [33]
      .text              ro code  0x00042b0a      0x6  abort.o [66]
      .text              ro code  0x00042b10     0x2c  xgetmemchunk.o [66]
      .text              ro code  0x00042b3c    0x384  sm.c.obj [71]
      .text              ro code  0x00042ec0     0x2a  bg_util.c.obj [71]
      .text              ro code  0x00042eec    0xc2c  hci.c.obj [71]
      .text              ro code  0x00043b18      0x2  l2cap_coc-stubs.c.obj [71]
      .text              ro code  0x00043b1a     0x36  sl_malloc.o [31]
      .text              ro code  0x00043b50      0x2  sl_memory_profiler-stubs.c.obj [71]
      .text              ro code  0x00043b52      0x2  sl_memory_profiler-stubs.c.obj [71]
      .text              ro code  0x00043b54      0x4  sl_memory_profiler-stubs.c.obj [71]
      .text              ro code  0x00043b58      0x2  sl_memory_profiler-stubs.c.obj [71]
      .text              ro code  0x00043b5a      0x2  sl_memory_profiler-stubs.c.obj [71]
      .text              ro code  0x00043b5c      0x2  sl_memory_profiler-stubs.c.obj [71]
      .text              ro code  0x00043b5e      0x2  sl_memory_profiler-stubs.c.obj [71]
      .text              ro code  0x00043b60    0x2fc  l2cap.c.obj [71]
      .text              ro code  0x00043e5c    0x272  gatt.c.obj [71]
      .text              ro code  0x000440d0    0xaac  gap_adv.c.obj [71]
      .text              ro code  0x00044b7c      0x2  l2cap_coc-stubs.c.obj [71]
      .text              ro code  0x00044b80     0xa0  uuid.c.obj [71]
      .text              ro code  0x00044c20    0xb7c  gatt_db_minimal.c.obj [71]
      .text              ro code  0x0004579c    0x150  bg_random_aes.c.obj [71]
      .text              ro code  0x000458ec      0x4  gap_whitelist-stubs.c.obj [71]
      .text              ro code  0x000458f0      0x4  gap_periodic_scan-stubs.c.obj [71]
      .text              ro code  0x000458f4      0x6  gap_periodic_scan-stubs.c.obj [71]
      .text              ro code  0x000458fa      0x6  gap_periodic_scan-stubs.c.obj [71]
      .text              ro code  0x00045900      0x4  gap_periodic_scan-stubs.c.obj [71]
      .text              ro code  0x00045904      0x4  gap_whitelist-stubs.c.obj [71]
      .text              ro code  0x00045908    0x9e8  ll_radio.c.obj [71]
      .text              ro code  0x000462f0    0xc2c  ll_hci.c.obj [71]
      .text              ro code  0x00046f1c    0xde4  ll_scan.c.obj [71]
      .text              ro code  0x00047d00   0x1b8e  ll_conn.c.obj [71]
      .text              ro code  0x00049890    0xed6  ll_adv.c.obj [71]
      .text              ro code  0x0004a766      0x2  ll_channelmap.c.obj [71]
      .text              ro code  0x0004a768    0x7dc  ll_adv_ext.c.obj [71]
      .text              ro code  0x0004af44      0x2  ll_scan_sync-stubs.c.obj [71]
      .text              ro code  0x0004af46      0x2  ll_dtm.c.obj [71]
      .text              ro code  0x0004af48    0x56a  ll_llcp.c.obj [71]
      .text              ro code  0x0004b4b2      0x4  ll_addr-stubs.c.obj [71]
      .text              ro code  0x0004b4b8    0x15c  ll_exec_timing.c.obj [71]
      .text              ro code  0x0004b614    0x25c  ll_radio_pa.c.obj [71]
      .text              ro code  0x0004b870    0x174  ll_channelmap.c.obj [71]
      .text              ro code  0x0004b9e4      0x2  ll_addr-stubs.c.obj [71]
      .text              ro code  0x0004b9e8    0x28e  ll_conn_enc.c.obj [71]
      .text              ro code  0x0004bc78    0x804  ll_llcp_common.c.obj [71]
      .text              ro code  0x0004c47c    0x58a  ll_llcp_enc.c.obj [71]
      .text              ro code  0x0004ca08    0x262  ll_llcp_len.c.obj [71]
      .text              ro code  0x0004cc6c    0x7d4  ll_scan_ext.c.obj [71]
      .text              ro code  0x0004d440      0x4  ll_conn.c.obj [71]
      .text              ro code  0x0004d444     0xc6  ll_to_hci.c.obj [71]
      .text              ro code  0x0004d50c    0x334  ubt_message.c.obj [71]
      .text              ro code  0x0004d840   0x132e  gatt_server.c.obj [71]
      .text              ro code  0x0004eb70    0x140  gatt_caching.c.obj [71]
      .text              ro code  0x0004ecb0    0x32c  gap_scan.c.obj [71]
      .text              ro code  0x0004efdc     0xb4  gap_resolver.c.obj [71]
      .text              ro code  0x0004f090     0x88  gap_conn.c.obj [71]
      .text              ro code  0x0004f118      0x4  gap_periodic_scan-stubs.c.obj [71]
      .text              ro code  0x0004f11c      0x4  gap_periodic_scan-stubs.c.obj [71]
      .text              ro code  0x0004f120      0x2  gap_periodic_adv-stubs.c.obj [71]
      .text              ro code  0x0004f124    0x3bc  scheduler.c.obj [71]
      .text              ro code  0x0004f4e0     0x16  strchr.o [78]
      .text              ro code  0x0004f4f8     0x58  memchr.o [78]
      .text              ro code  0x0004f550    0x41c  dmadrv.o [15]
      .text              ro code  0x0004f96c     0x4c  em_core.o [16]
      .text              ro code  0x0004f9b8    0x358  sli_crypto_transparent_driver_hash.o [32]
      .text              ro code  0x0004fd10    0x17c  cipher.o [32]
      .text              ro code  0x0004fe8c    0x1c8  rail_ble.o [73]
      .text              ro code  0x00050054     0x34  em_system.o [16]
      .text              ro code  0x00050088     0x50  seq_globals.o [73]
      .text              ro code  0x000500d8      0x4  rail_mfm_rf_hal.o [73]
      .text              ro code  0x000500dc    0x22c  rfhal_rtccsync_shared.o [73]
      .text              ro code  0x00050308      0xc  XXexit.o [78]
      .text              ro code  0x00050314   0x30a0  smp.c.obj [71]
      .text              ro code  0x000533b4     0x60  adv_report_msg.c.obj [71]
      .text              ro code  0x00053414     0xf0  hci_pck.c.obj [71]
      .text              ro code  0x00053504      0x4  l2cap_coc-stubs.c.obj [71]
      .text              ro code  0x00053508      0xa  l2cap_coc-stubs.c.obj [71]
      .text              ro code  0x00053514    0x2e0  att.c.obj [71]
      .text              ro code  0x000537f4    0x2ac  bgapi_gatt_listener.c.obj [71]
      .text              ro code  0x00053aa0      0x4  gap_periodic_adv-stubs.c.obj [71]
      .text              ro code  0x00053aa4      0x4  gap_periodic_adv-stubs.c.obj [71]
      .text              ro code  0x00053aa8      0x2  gap_periodic_adv-stubs.c.obj [71]
      .text              ro code  0x00053aac    0x2dc  cmac.o [32]
      .text              ro code  0x00053d88     0x1a  rail_features.o [73]
      .text              ro code  0x00053da4     0x3c  ext_utils.c.obj [71]
      .text              ro code  0x00053de0    0x16c  ll_hci_phy.c.obj [71]
      .text              ro code  0x00053f4c      0x2  ll_coex-stubs.c.obj [71]
      .text              ro code  0x00053f4e      0x6  ll_radio.c.obj [71]
      .text              ro code  0x00053f54      0x2  ll_coex-stubs.c.obj [71]
      .text              ro code  0x00053f56      0x2  ll_coex-stubs.c.obj [71]
      .text              ro code  0x00053f58     0x18  ll_timing.c.obj [71]
      .text              ro code  0x00053f70      0x2  ll_radio.c.obj [71]
      .text              ro code  0x00053f72      0x2  ll_radio.c.obj [71]
      .text              ro code  0x00053f74      0x2  ll_coex-stubs.c.obj [71]
      .text              ro code  0x00053f76      0x4  ll_radio.c.obj [71]
      .text              ro code  0x00053f7a      0x4  ll_channelmap.c.obj [71]
      .text              ro code  0x00053f7e      0x4  ll_channelmap.c.obj [71]
      .text              ro code  0x00053f82      0x4  ll_addr-stubs.c.obj [71]
      .text              ro code  0x00053f86      0x2  ll_conn.c.obj [71]
      .text              ro code  0x00053f88    0x16e  ll_link.c.obj [71]
      .text              ro code  0x000540f8     0xe0  ll_random.c.obj [71]
      .text              ro code  0x000541d8     0x24  ll_conn.c.obj [71]
      .text              ro code  0x000541fc     0x16  ll_conn.c.obj [71]
      .text              ro code  0x00054212     0x6e  ll_conn.c.obj [71]
      .text              ro code  0x00054280      0x2  ll_conn.c.obj [71]
      .text              ro code  0x00054282      0x2  ll_channelmap.c.obj [71]
      .text              ro code  0x00054284      0x2  ll_dtm.c.obj [71]
      .text              ro code  0x00054286      0x2  ll_conn.c.obj [71]
      .text              ro code  0x00054288      0x2  ll_conn.c.obj [71]
      .text              ro code  0x0005428a      0x4  ll_dtm.c.obj [71]
      .text              ro code  0x0005428e      0x4  ll_dtm.c.obj [71]
      .text              ro code  0x00054292     0x5e  ll_conn.c.obj [71]
      .text              ro code  0x000542f0      0x4  ll_dtm.c.obj [71]
      .text              ro code  0x000542f4      0x4  ll_conn.c.obj [71]
      .text              ro code  0x000542f8      0x2  ll_conn.c.obj [71]
      .text              ro code  0x000542fa      0x2  ll_dtm.c.obj [71]
      .text              ro code  0x000542fc      0x2  ll_conn.c.obj [71]
      .text              ro code  0x00054300     0x14  ll_dtm.c.obj [71]
      .text              ro code  0x00054314      0x2  ll_conn.c.obj [71]
      .text              ro code  0x00054316      0x4  ll_conn.c.obj [71]
      .text              ro code  0x0005431c     0x2c  ll_channelmap.c.obj [71]
      .text              ro code  0x00054348      0x2  ll_adv_sync-stubs.c.obj [71]
      .text              ro code  0x0005434a      0x4  ll_adv.c.obj [71]
      .text              ro code  0x00054350    0x31a  ll_adv_header.c.obj [71]
      .text              ro code  0x0005466a      0x4  ll_adv_sync-stubs.c.obj [71]
      .text              ro code  0x0005466e      0x4  ll_dtm.c.obj [71]
      .text              ro code  0x00054672      0x2  ll_adv_sync-stubs.c.obj [71]
      .text              ro code  0x00054674      0x4  ll_adv_sync-stubs.c.obj [71]
      .text              ro code  0x00054678     0xdc  ll_math.c.obj [71]
      .text              ro code  0x00054754     0x60  pa_auto_mode.o [73]
      .text              ro code  0x000547b4    0x384  sli_protocol_crypto_crypto.o [32]
      .text              ro code  0x00054b38    0x470  ll_llcp_phy.c.obj [71]
      .text              ro code  0x00054fa8      0x4  ll_dtm.c.obj [71]
      .text              ro code  0x00054fac      0x4  ll_scan_sync-stubs.c.obj [71]
      .text              ro code  0x00054fb0      0x2  ll_scan_sync-stubs.c.obj [71]
      .text              ro code  0x00054fb2     0x14  memset.o [66]
      .text              ro code  0x00054fc8     0x44  hci_conn.c.obj [71]
      .text              ro code  0x0005500c    0x194  em_ldma.o [16]
      .text              ro code  0x000551a0    0x9f4  ecp.o [32]
      .text              ro code  0x00055b94   0x103e  bignum.o [32]
      .text              ro code  0x00056bd4     0xb4  ecdh.o [32]
      .text              ro code  0x00056c88     0xe4  ecp_curves.o [32]
      .text              ro code  0x00056d6c      0x4  gap_whitelist-stubs.c.obj [71]
      .text              ro code  0x00056d70     0x40  rfhal_features.o [73]
      .text              ro code  0x00056db0    0xbb4  crypto_ecp.o [32]
      .text              ro code  0x00057964    0x420  zll-commissioning-cli.o [50]
      .text              ro code  0x00057d84    0x33c  network-cli.o [49]
      .text              ro code  0x000580c0    0x35c  option-cli.o [49]
      .text              ro code  0x0005841c    0x378  security-cli.o [49]
      .text              ro code  0x00058794    0xa7e  zcl-cli.o [49]
      .text              ro code  0x00059214    0x544  zdo-cli.o [49]
      .text              ro code  0x00059758     0x18  scenes-cli.o [42]
      .text              ro code  0x00059770     0xf2  reporting-cli.o [39]
      .text              ro code  0x00059864     0xf8  nvm3_hal_flash.o [37]
      .text              ro code  0x0005995c    0x1f8  network-steering-cli.o [35]
      .text              ro code  0x00059b54    0x120  sl_entropy.o [32]
      .text              ro code  0x00059c74     0xcc  interpan-cli.o [29]
      .text              ro code  0x00059d40     0x88  idle-sleep-cli.o [28]
      .text              ro code  0x00059dc8     0x5c  groups-server-cli.o [24]
      .text              ro code  0x00059e24     0x48  find-and-bind-target.o [18]
      .text              ro code  0x00059e6c    0x158  em_adc.o [16]
      .text              ro code  0x00059fc4      0x4  faults-v7m.o [13]
      .text              ro code  0x00059fc8      0x4  faults-v7m.o [13]
      .text              ro code  0x00059fcc      0x4  faults-v7m.o [13]
      .text              ro code  0x00059fd0      0x4  faults-v7m.o [13]
      .text              ro code  0x00059fd4      0x4  faults-v7m.o [13]
      .text              ro code  0x00059fd8      0x4  isr-stubs.o [13]
      .text              ro code  0x00059fdc    0x156  eeprom-cli.o [12]
      .text              ro code  0x0005a134    0x224  dmp-tuning-cli.o [10]
      .text              ro code  0x0005a358     0xc4  counters-cli.o [7]
      .text              ro code  0x0005a41c    0x3f0  ble-cli.o [4]
      .text              ro code  0x0005a80c     0x48  sl_bt_class_scanner.c.obj [71]
      .text              ro code  0x0005a854    0x120  sl_bt_class_sm.c.obj [71]
      .text              ro code  0x0005a974    0x104  adc-efr32.o [2]
      .text              ro code  0x0005aa78     0xac  library.o [1]
      .text              ro code  0x0005ab24    0x31a  bgapi_connection.c.obj [71]
      .text              ro code  0x0005ae40     0xce  bgapi_gatt_server.c.obj [71]
      .text              ro code  0x0005af10    0x21e  bgapi_scanner.c.obj [71]
      .text              ro code  0x0005b130    0x184  bgapi_sm.c.obj [71]
      .text              ro code  0x0005b2b4    0x218  bgapi_system.c.obj [71]
      .text              ro code  0x0005b4cc     0xb4  gp-sink-table.o [68]
      .text              ro code  0x0005b580    0xbe8  gatt_client.c.obj [71]
      .text              ro code  0x0005c168    0x468  att_client.c.obj [71]
      .text              ro code  0x0005c5d0     0x2c  rfhal_rfsense.o [73]
      .text              ro code  0x0005c5fc     0x22  fpinit_M.o [74]
      .text              ro code  0x0005c620     0x1a  cmain.o [78]
      .text              ro code  0x0005c63a      0x4  low_level_init.o [66]
      .text              ro code  0x0005c640     0x28  data_init.o [78]
      .text              ro code  0x0005c668      0x4  exit.o [66]
      .text              ro code  0x0005c66c      0xa  cexit.o [78]
      .text              ro code  0x0005c676     0x10  update-tc-link-key-cli.o [48]
      .text              ro code  0x0005c686     0x7a  cipher_wrap.o [32]
      .text              ro code  0x0005c700     0x12  find-and-bind-target-cli.o [18]
      .text              ro code  0x0005c712      0xa  znet-cli.o [1]
      .text              ro code  0x0005c71c      0xe  startup_efr32mg12p.o [69]
      .text              ro code  0x0005c72a      0xc  cstartup_M.o [78]
      .text              ro code  0x0005c736    0x12e  bgapi_advertiser.c.obj [71]
      .text              ro code  0x0005c864      0x4  gap_periodic_adv-stubs.c.obj [71]
      .text              ro code  0x0005c868     0x98  bgapi_gatt_client.c.obj [71]
      .text              ro code  0x0005c900     0x8a  ubt_gatt_client.c.obj [71]
      .text              ro code  0x0005c98a     0x40  zero_init3.o [78]
      .text              ro code  0x0005c9ca     0x78  lz77_init_single.o [78]
    CODE                 ro code  0x0005ca44     0x16  armv7m_cpu_a.o [34]
    CODE                 ro code  0x0005ca5c    0x158  armv7m_os_cpu_a.o [34]
    .rodata              const    0x0005cbb4      0x8  zll-on-off-server.o [53]
    .rodata              const    0x0005cbbc      0x8  zll-on-off-server.o [53]
    .rodata              const    0x0005cbc4     0x10  zll-on-off-server.o [53]
    .rodata              const    0x0005cbd4     0x18  zll-on-off-server.o [53]
    .rodata              const    0x0005cbec     0x1c  zll-commissioning-server.o [51]
    .rodata              const    0x0005cc08     0x20  zll-commissioning-server.o [51]
    .rodata              const    0x0005cc28      0x8  zll-commissioning-cli.o [50]
    .rodata              const    0x0005cc30      0x8  zll-commissioning-cli.o [50]
    .rodata              const    0x0005cc38     0x2c  zll-commissioning-cli.o [50]
    .rodata              const    0x0005cc64      0x8  zll-commissioning-cli.o [50]
    .rodata              const    0x0005cc6c     0x18  zll-commissioning-cli.o [50]
    .rodata              const    0x0005cc84     0x18  zll-commissioning-cli.o [50]
    .rodata              const    0x0005cc9c     0x14  zll-commissioning-cli.o [50]
    .rodata              const    0x0005ccb0      0xc  zll-commissioning-cli.o [50]
    .rodata              const    0x0005ccbc     0x10  zll-commissioning-cli.o [50]
    .rodata              const    0x0005cccc      0x8  zll-commissioning-cli.o [50]
    .rodata              const    0x0005ccd4      0x8  zll-commissioning-cli.o [50]
    .rodata              const    0x0005ccdc      0xc  zll-commissioning-cli.o [50]
    .rodata              const    0x0005cce8      0x8  zll-commissioning-cli.o [50]
    .rodata              const    0x0005ccf0      0xc  zll-commissioning-cli.o [50]
    .rodata              const    0x0005ccfc      0xc  zll-commissioning-cli.o [50]
    .rodata              const    0x0005cd08     0x10  zll-commissioning-cli.o [50]
    .rodata              const    0x0005cd18     0x28  zll-commissioning-cli.o [50]
    .rodata              const    0x0005cd40     0x28  zll-commissioning-cli.o [50]
    .rodata              const    0x0005cd68     0x18  zll-commissioning-cli.o [50]
    .rodata              const    0x0005cd80     0x14  zll-commissioning-cli.o [50]
    .rodata              const    0x0005cd94     0x18  zll-commissioning-cli.o [50]
    .rodata              const    0x0005cdac     0x18  zll-commissioning-cli.o [50]
    .rodata              const    0x0005cdc4     0x1c  zll-commissioning-cli.o [50]
    .rodata              const    0x0005cde0     0x14  zll-commissioning-cli.o [50]
    .rodata              const    0x0005cdf4     0x20  zll-commissioning-cli.o [50]
    .rodata              const    0x0005ce14     0x20  zll-commissioning-cli.o [50]
    .rodata              const    0x0005ce34      0x8  zll-commissioning-cli.o [50]
    .rodata              const    0x0005ce3c     0x14  zll-commissioning-cli.o [50]
    .rodata              const    0x0005ce50     0x18  zll-commissioning-cli.o [50]
    .rodata              const    0x0005ce68     0x10  zll-commissioning-cli.o [50]
    .rodata              const    0x0005ce78      0x8  zll-commissioning-cli.o [50]
    .rodata              const    0x0005ce80      0xc  zll-commissioning-cli.o [50]
    .rodata              const    0x0005ce8c      0xc  zll-commissioning-cli.o [50]
    .rodata              const    0x0005ce98     0x2c  zll-commissioning-cli.o [50]
    .rodata              const    0x0005cec4     0x30  zll-commissioning-common.o [50]
    .rodata              const    0x0005cef4     0x1c  zll-commissioning-common.o [50]
    .rodata              const    0x0005cf10     0x28  zll-commissioning-common.o [50]
    .rodata              const    0x0005cf38     0x14  zll-commissioning-common.o [50]
    .rodata              const    0x0005cf4c      0x8  zll-commissioning-common.o [50]
    .rodata              const    0x0005cf54     0x18  zll-commissioning-common.o [50]
    .rodata              const    0x0005cf6c     0x18  zll-commissioning-common.o [50]
    .rodata              const    0x0005cf84     0x30  zll-commissioning-common.o [50]
    .rodata              const    0x0005cfb4     0x20  zll-commissioning-common.o [50]
    .rodata              const    0x0005cfd4     0x18  zll-commissioning-common.o [50]
    .rodata              const    0x0005cfec     0x10  zll-commissioning-common.o [50]
    .rodata              const    0x0005cffc     0x20  af-event.o [49]
    .rodata              const    0x0005d01c     0x20  af-event.o [49]
    .rodata              const    0x0005d03c     0x20  af-event.o [49]
    .rodata              const    0x0005d05c     0x20  af-event.o [49]
    .rodata              const    0x0005d07c     0x20  af-event.o [49]
    .rodata              const    0x0005d09c     0x1c  af-event.o [49]
    .rodata              const    0x0005d0b8     0x14  af-event.o [49]
    .rodata              const    0x0005d0cc     0x18  af-event.o [49]
    .rodata              const    0x0005d0e4     0x18  af-event.o [49]
    .rodata              const    0x0005d0fc     0x28  af-event.o [49]
    .rodata              const    0x0005d124     0x24  af-event.o [49]
    .rodata              const    0x0005d148     0x2c  af-event.o [49]
    .rodata              const    0x0005d174     0x2c  af-event.o [49]
    .rodata              const    0x0005d1a0     0x20  af-event.o [49]
    .rodata              const    0x0005d1c0     0x24  af-event.o [49]
    .rodata              const    0x0005d1e4     0x28  af-event.o [49]
    .rodata              const    0x0005d20c     0x18  af-event.o [49]
    .rodata              const    0x0005d224     0x30  af-event.o [49]
    .rodata              const    0x0005d254     0x24  af-event.o [49]
    .rodata              const    0x0005d278     0x20  af-event.o [49]
    .rodata              const    0x0005d298     0x20  af-event.o [49]
    .rodata              const    0x0005d2b8     0x30  af-event.o [49]
    .rodata              const    0x0005d2e8     0x30  af-event.o [49]
    .rodata              const    0x0005d318      0xc  af-main-common.o [49]
    .rodata              const    0x0005d324      0x8  af-main-common.o [49]
    .rodata              const    0x0005d32c      0x8  af-main-common.o [49]
    .rodata              const    0x0005d334      0x8  af-main-common.o [49]
    .rodata              const    0x0005d33c      0x8  af-main-common.o [49]
    .rodata              const    0x0005d344      0x8  af-main-common.o [49]
    .rodata              const    0x0005d34c      0x8  af-main-common.o [49]
    .rodata              const    0x0005d354      0x4  af-main-common.o [49]
    .rodata              const    0x0005d358      0x8  af-main-common.o [49]
    .rodata              const    0x0005d360      0x8  af-main-common.o [49]
    .rodata              const    0x0005d368     0x10  af-main-common.o [49]
    .rodata              const    0x0005d378      0x8  af-main-common.o [49]
    .rodata              const    0x0005d380      0x4  af-main-common.o [49]
    .rodata              const    0x0005d384     0x3c  af-main-common.o [49]
    .rodata              const    0x0005d3c0     0x18  af-main-common.o [49]
    .rodata              const    0x0005d3d8     0x30  af-main-common.o [49]
    .rodata              const    0x0005d408     0x14  af-main-common.o [49]
    .rodata              const    0x0005d41c      0x8  af-main-common.o [49]
    .rodata              const    0x0005d424      0x8  af-main-common.o [49]
    .rodata              const    0x0005d42c      0xc  af-main-common.o [49]
    .rodata              const    0x0005d438      0x8  af-main-common.o [49]
    .rodata              const    0x0005d440     0x10  af-main-common.o [49]
    .rodata              const    0x0005d450      0x8  af-main-common.o [49]
    .rodata              const    0x0005d458      0xc  af-main-common.o [49]
    .rodata              const    0x0005d464     0x20  af-main-common.o [49]
    .rodata              const    0x0005d484      0xc  af-main-common.o [49]
    .rodata              const    0x0005d490      0xc  af-main-common.o [49]
    .rodata              const    0x0005d49c      0x8  af-main-common.o [49]
    .rodata              const    0x0005d4a4     0x20  af-main-common.o [49]
    .rodata              const    0x0005d4c4     0x18  af-main-common.o [49]
    .rodata              const    0x0005d4dc     0x30  af-main-common.o [49]
    .rodata              const    0x0005d50c     0x20  af-main-common.o [49]
    .rodata              const    0x0005d52c      0x4  af-main-common.o [49]
    .rodata              const    0x0005d530     0x1c  af-main-common.o [49]
    .rodata              const    0x0005d54c      0x8  af-main-common.o [49]
    .rodata              const    0x0005d554     0x18  af-main-common.o [49]
    .rodata              const    0x0005d56c     0x10  af-main-common.o [49]
    .rodata              const    0x0005d57c     0x48  af-main-common.o [49]
    .rodata              const    0x0005d5c4     0x18  af-main-soc.o [49]
    .rodata              const    0x0005d5dc     0x20  af-main-soc.o [49]
    .rodata              const    0x0005d5fc     0x14  af-main-soc.o [49]
    .rodata              const    0x0005d610      0x8  af-main-soc.o [49]
    .rodata              const    0x0005d618     0x10  af-main-soc.o [49]
    .rodata              const    0x0005d628     0x20  af-main-soc.o [49]
    .rodata              const    0x0005d648     0x18  af-main-soc.o [49]
    .rodata              const    0x0005d660      0x4  af-trust-center.o [49]
    .rodata              const    0x0005d664     0x30  attribute-size.o [49]
    .rodata              const    0x0005d694      0x4  attribute-storage.o [49]
    .rodata              const    0x0005d698      0x4  attribute-storage.o [49]
    .rodata              const    0x0005d69c     0x18  attribute-storage.o [49]
    .rodata              const    0x0005d6b4     0xc0  attribute-storage.o [49]
    .rodata              const    0x0005d774      0x8  attribute-storage.o [49]
    .rodata              const    0x0005d77c      0x4  attribute-storage.o [49]
    .rodata              const    0x0005d780      0x4  attribute-storage.o [49]
    .rodata              const    0x0005d784      0x8  attribute-storage.o [49]
    .rodata              const    0x0005d78c     0xf0  attribute-storage.o [49]
    .rodata              const    0x0005d87c      0x4  attribute-storage.o [49]
    .rodata              const    0x0005d880    0x1b0  attribute-storage.o [49]
    .rodata              const    0x0005da30     0xb4  attribute-storage.o [49]
    .rodata              const    0x0005dae4     0x10  attribute-storage.o [49]
    .rodata              const    0x0005daf4      0x4  attribute-storage.o [49]
    .rodata              const    0x0005daf8      0x4  attribute-storage.o [49]
    .rodata              const    0x0005dafc      0x8  attribute-table.o [49]
    .rodata              const    0x0005db04      0xc  attribute-table.o [49]
    .rodata              const    0x0005db10     0x40  attribute-table.o [49]
    .rodata              const    0x0005db50     0x14  attribute-table.o [49]
    .rodata              const    0x0005db64      0x8  attribute-table.o [49]
    .rodata              const    0x0005db6c      0x8  attribute-table.o [49]
    .rodata              const    0x0005db74      0x8  attribute-table.o [49]
    .rodata              const    0x0005db7c     0x18  attribute-table.o [49]
    .rodata              const    0x0005db94      0x8  attribute-table.o [49]
    .rodata              const    0x0005db9c      0x8  attribute-table.o [49]
    .rodata              const    0x0005dba4      0x8  attribute-table.o [49]
    .rodata              const    0x0005dbac      0xc  attribute-table.o [49]
    .rodata              const    0x0005dbb8     0x34  attribute-table.o [49]
    .rodata              const    0x0005dbec     0x24  attribute-table.o [49]
    .rodata              const    0x0005dc10     0x2c  attribute-table.o [49]
    .rodata              const    0x0005dc3c     0x28  attribute-table.o [49]
    .rodata              const    0x0005dc64      0xc  attribute-table.o [49]
    .rodata              const    0x0005dc70     0x14  attribute-table.o [49]
    .rodata              const    0x0005dc84     0x14  attribute-table.o [49]
    .rodata              const    0x0005dc98     0x20  attribute-table.o [49]
    .rodata              const    0x0005dcb8     0x2c  attribute-table.o [49]
    .rodata              const    0x0005dce4     0x10  core-cli.o [49]
    .rodata              const    0x0005dcf4     0x10  core-cli.o [49]
    .rodata              const    0x0005dd04     0x10  core-cli.o [49]
    .rodata              const    0x0005dd14     0x18  core-cli.o [49]
    .rodata              const    0x0005dd2c     0x1c  core-cli.o [49]
    .rodata              const    0x0005dd48      0x8  core-cli.o [49]
    .rodata              const    0x0005dd50     0x18  core-cli.o [49]
    .rodata              const    0x0005dd68     0x18  core-cli.o [49]
    .rodata              const    0x0005dd80      0x8  core-cli.o [49]
    .rodata              const    0x0005dd88     0x20  core-cli.o [49]
    .rodata              const    0x0005dda8      0xc  core-cli.o [49]
    .rodata              const    0x0005ddb4      0xc  core-cli.o [49]
    .rodata              const    0x0005ddc0     0x20  core-cli.o [49]
    .rodata              const    0x0005dde0      0xc  core-cli.o [49]
    .rodata              const    0x0005ddec     0x24  core-cli.o [49]
    .rodata              const    0x0005de10      0xc  core-cli.o [49]
    .rodata              const    0x0005de1c      0x8  core-cli.o [49]
    .rodata              const    0x0005de24      0x8  core-cli.o [49]
    .rodata              const    0x0005de2c     0x10  core-cli.o [49]
    .rodata              const    0x0005de3c      0xc  core-cli.o [49]
    .rodata              const    0x0005de48     0x14  core-cli.o [49]
    .rodata              const    0x0005de5c      0xc  core-cli.o [49]
    .rodata              const    0x0005de68     0x20  core-cli.o [49]
    .rodata              const    0x0005de88      0x8  core-cli.o [49]
    .rodata              const    0x0005de90      0xc  core-cli.o [49]
    .rodata              const    0x0005de9c     0x34  core-cli.o [49]
    .rodata              const    0x0005ded0     0x18  core-cli.o [49]
    .rodata              const    0x0005dee8      0xc  core-cli.o [49]
    .rodata              const    0x0005def4      0xc  core-cli.o [49]
    .rodata              const    0x0005df00     0x10  core-cli.o [49]
    .rodata              const    0x0005df10      0xc  core-cli.o [49]
    .rodata              const    0x0005df1c      0xc  core-cli.o [49]
    .rodata              const    0x0005df28     0x14  core-cli.o [49]
    .rodata              const    0x0005df3c     0x1c  core-cli.o [49]
    .rodata              const    0x0005df58      0x8  core-cli.o [49]
    .rodata              const    0x0005df60      0xc  core-cli.o [49]
    .rodata              const    0x0005df6c      0x8  core-cli.o [49]
    .rodata              const    0x0005df74     0x20  core-cli.o [49]
    .rodata              const    0x0005df94      0x8  core-cli.o [49]
    .rodata              const    0x0005df9c     0x10  core-cli.o [49]
[...]
validateObjFragments    0x000274a3   0x228  Code  Lc  nvm3.o [72]
validate_adv_data       0x00044179    0x54  Code  Lc  gap_adv.c.obj [71]
validate_gatt_client_pdu_len
                        0x0005c30d    0xae  Code  Gb  att_client.c.obj [71]
validate_gatt_connection_state
                        0x0005b59d    0x1c  Code  Lc  gatt_client.c.obj [71]
validate_scanning_phymask
                        0x0004ecc3    0x22  Code  Lc  gap_scan.c.obj [71]
vectors_init            0x00039957    0x5e  Code  Gb  vectors_efr32xg1x.c.obj [71]
vectors_register        0x0003994d     0xa  Code  Gb  vectors_efr32xg1x.c.obj [71]
vpaStruct               0x20034cf8     0x8  Data  Gb  sim-eeprom2-internal.o [80]
vpbStruct               0x20034d00     0x8  Data  Gb  sim-eeprom2-internal.o [80]
vpcStruct               0x20034d08     0x8  Data  Gb  sim-eeprom2-internal.o [80]
wakeInfo                0x20039ef4     0x4  Data  Lc  sleep-efm32.o [13]
wakeup_time_config_overhead_tick
                        0x20039bb0     0x4  Data  Gb  sl_power_manager.o [25]
walkDelayQueue          0x00019661    0xd2  Code  Lc  retry.o [83]
walkStoreAndForwardQueue
                        0x0002487d   0x112  Code  Lc  store-forward.o [83]
watchdogDisableInSleep  0x2003bd91     0x1  Data  Lc  sleep-efm32.o [13]
wordSize                0x2003bd94     0x1  Data  Lc  eeprom.o [12]
workBegin               0x000283bd    0x16  Code  Lc  nvm3.o [72]
workEnd                 0x000283d3    0x14  Code  Lc  nvm3.o [72]
writeBoolean            0x0002ec9f     0x8  Code  Lc  zll-on-off-server.o [53]
writeCommandArguments   0x0006ad34    0x1c  Data  Lc  znet-cli.o [1]
writeFullAllowed        0x00026d1f    0x18  Code  Lc  nvm3.o [72]
writeIdentifyTime       0x0002e9b5    0x18  Code  Lc  identify.o [26]
writeInt16u             0x0002ecb7     0x6  Code  Lc  zll-on-off-server.o [53]
writeLightState         0x00011279    0x7c  Code  Lc  DynamicMultiprotocolLightSoc_callbacks.o [1]
writeMessage            0x0001fe4d    0xaa  Code  Lc  legacy-packet-buffer.o [83]
writeObj                0x00026ebd   0x2da  Code  Lc  nvm3.o [72]
writeServerAttribute    0x00009a25     0xe  Code  Lc  scenes.o [42]
writeStoredTokDefsToNext
                        0x00033d29    0x66  Code  Lc  sim-eeprom2-internal.o [80]
writeVpMgmtToNext       0x00033fa9   0x158  Code  Lc  sim-eeprom2-internal.o [80]
writeZllTokens          0x0000b24b     0xc  Code  Lc  zll-tokens.o [85]
write_value             0x0005b79b    0x44  Code  Lc  gatt_client.c.obj [71]
xferCfg                 0x000601b0    0x10  Data  Gb  dmadrv.o [15]
xor_in_place            0x00050315    0x16  Code  Lc  smp.c.obj [71]
zclBasicGlsrCommand     0x0005c713     0xa  Code  Lc  znet-cli.o [1]
zclBasicGlsrCommandArguments
                        0x0006ad50    0x10  Data  Lc  znet-cli.o [1]
zclBufferAddByte        0x000588b5    0x12  Code  Gb  zcl-cli.o [49]
zclBufferAddByteFromArgument
                        0x000588ed     0x8  Code  Gb  zcl-cli.o [49]
zclBufferAddInt16sFromArgument
                        0x00058903     0x8  Code  Gb  zcl-cli.o [49]
zclBufferAddInt32       0x000588d9    0x14  Code  Gb  zcl-cli.o [49]
zclBufferAddInt32FromArgument
                        0x00058921     0x6  Code  Gb  zcl-cli.o [49]
zclBufferAddInt32sFromArgument
                        0x0005890b     0x8  Code  Gb  zcl-cli.o [49]
zclBufferAddInt8sFromArgument
                        0x000588f5     0x6  Code  Gb  zcl-cli.o [49]
zclBufferAddLengthAndStringFromArgument
                        0x00058973     0x4  Code  Gb  zcl-cli.o [49]
zclBufferAddWord        0x000588c7    0x12  Code  Gb  zcl-cli.o [49]
zclBufferAddWordFromArgument
                        0x00058913     0x6  Code  Gb  zcl-cli.o [49]
zclBufferSetup          0x00058861    0x54  Code  Gb  zcl-cli.o [49]
zclClusterNames         0x0005e930    0x48  Data  Gb  util.o [49]
zclCmdIsBuilt           0x2003bd53     0x1  Data  Gb  zcl-cli.o [49]
zclGlobalCommandDiscoveryCommand
                        0x00058c05    0x2e  Code  Gb  zcl-cli.o [49]
zclGlobalDirection      0x2003bd56     0x1  Data  Lc  zcl-cli.o [49]
zclGlobalDirectionCommand
                        0x00058a43    0x14  Code  Gb  zcl-cli.o [49]
zclGlobalDirectionCommandArguments
                        0x0006ad88     0x8  Data  Lc  znet-cli.o [1]
zclGlobalDiscComGenCommandArguments
                        0x0006ad90    0x10  Data  Lc  znet-cli.o [1]
zclGlobalDiscComRecCommandArguments
                        0x0006ada0    0x10  Data  Lc  znet-cli.o [1]
zclGlobalDiscoverCommand
                        0x00058abb     0x4  Code  Gb  zcl-cli.o [49]
zclGlobalDiscoverCommandArguments
                        0x0006adb0    0x10  Data  Lc  znet-cli.o [1]
zclGlobalExpectReportFromMeCommand
                        0x00058bdd    0x1c  Code  Gb  zcl-cli.o [49]
zclGlobalExpectReportFromMeCommandArguments
                        0x0006adc0    0x10  Data  Lc  znet-cli.o [1]
zclGlobalNwriteCommandArguments
                        0x0006add0    0x14  Data  Lc  znet-cli.o [1]
zclGlobalReadCommand    0x00058a5d     0x6  Code  Gb  zcl-cli.o [49]
zclGlobalReadCommandArguments
                        0x0006ade4     0xc  Data  Lc  znet-cli.o [1]
zclGlobalReportCommand  0x00058ac9    0x8e  Code  Gb  zcl-cli.o [49]
zclGlobalReportCommandArguments
                        0x0006adf0    0x14  Data  Lc  znet-cli.o [1]
zclGlobalReportReadCommand
                        0x00058b57    0x20  Code  Gb  zcl-cli.o [49]
zclGlobalReportReadCommandArguments
                        0x0006ae04    0x10  Data  Lc  znet-cli.o [1]
zclGlobalSendMeAReportCommand
                        0x00058b77    0x50  Code  Gb  zcl-cli.o [49]
zclGlobalSendMeAReportCommandArguments
                        0x0006ae14    0x1c  Data  Lc  znet-cli.o [1]
zclGlobalSetup          0x00058a29    0x1a  Code  Gb  zcl-cli.o [49]
zclGlobalUwriteCommandArguments
                        0x0006ae30    0x14  Data  Lc  znet-cli.o [1]
zclGlobalWriteCommand   0x00058a63    0x58  Code  Gb  zcl-cli.o [49]
zclGlobalWriteCommandArguments
                        0x0006ae44    0x14  Data  Lc  znet-cli.o [1]
zclIdentifyOffCommandArguments
                        0x0006af5c     0x8  Data  Lc  znet-cli.o [1]
zclIdentifyOnCommandArguments
                        0x0006af64     0xc  Data  Lc  znet-cli.o [1]
zclIdentifyOnOffCommand
                        0x00058cc5    0x42  Code  Gb  zcl-cli.o [49]
zclMfgCodeCommand       0x00058c4b    0x2c  Code  Gb  zcl-cli.o [49]
zclMfgCodeCommandArguments
                        0x0006afac     0x8  Data  Lc  znet-cli.o [1]
zclSimpleCommand        0x00058977    0xb2  Code  Gb  zcl-cli.o [49]
zclTestResponseOffCommand
                        0x00058c45     0x6  Code  Gb  zcl-cli.o [49]
zclTestResponseOnCommand
                        0x00058c3f     0x6  Code  Gb  zcl-cli.o [49]
zclTimeCommand          0x00058cb7     0xe  Code  Gb  zcl-cli.o [49]
zclTimeCommandArguments
                        0x0006b018     0x8  Data  Lc  znet-cli.o [1]
zclUseNextSequenceCommand
                        0x00058c95    0x22  Code  Gb  zcl-cli.o [49]
zclUseNextSequenceCommandArguments
                        0x0006b020     0x8  Data  Lc  znet-cli.o [1]
zclXDefaultRespCommand  0x00058c77    0x16  Code  Gb  zcl-cli.o [49]
zclXDefaultRespCommandArguments
                        0x0006b028     0x8  Data  Lc  znet-cli.o [1]
zdoActiveCommandArguments
                        0x0006b0e4     0x8  Data  Lc  znet-cli.o [1]
zdoActiveEpCommand      0x000594bb    0x1a  Code  Gb  zdo-cli.o [49]
zdoAddClusterCommand    0x00059361    0x32  Code  Gb  zdo-cli.o [49]
zdoBindCommand          0x000592ef    0x72  Code  Gb  zdo-cli.o [49]
zdoBindCommandArguments
                        0x0006b0ec    0x1c  Data  Lc  znet-cli.o [1]
zdoClearClusterCommand  0x00059399    0x18  Code  Gb  zdo-cli.o [49]
zdoConfigurationModeEnabled
                        0x20034fea     0x1  Data  Gb  zigbee-device-util.o [83]
zdoIeeeAddressRequestCommand
                        0x0005922d    0x14  Code  Gb  zdo-cli.o [49]
zdoIeeeCommandArguments
                        0x0006b108     0x8  Data  Lc  znet-cli.o [1]
zdoInClListAddCommandArguments
                        0x0006b110     0x8  Data  Lc  znet-cli.o [1]
zdoLeaveCommandArguments
                        0x0006b154    0x10  Data  Lc  znet-cli.o [1]
zdoLeaveRequestCommand  0x00059515    0x32  Code  Gb  zdo-cli.o [49]
zdoMatchCommand         0x00059285    0x40  Code  Gb  zdo-cli.o [49]
zdoMatchCommandArguments
                        0x0006b164     0xc  Data  Lc  znet-cli.o [1]
zdoMgmtBindCommand      0x000594f5    0x20  Code  Gb  zdo-cli.o [49]
zdoMgmtBindCommandArguments
                        0x0006b170     0xc  Data  Lc  znet-cli.o [1]
zdoMgmtLqiCommand       0x000594d5    0x20  Code  Gb  zdo-cli.o [49]
zdoMgmtLqiCommandArguments
                        0x0006b17c     0xc  Data  Lc  znet-cli.o [1]
zdoNetworkUpdateChannelCommand
                        0x000593bb    0x68  Code  Gb  zdo-cli.o [49]
zdoNetworkUpdateScanCommand
                        0x00059423    0x56  Code  Gb  zdo-cli.o [49]
zdoNetworkUpdateSetCommand
                        0x00059487    0x20  Code  Gb  zdo-cli.o [49]
zdoNodeCommand          0x00059263    0x1c  Code  Gb  zdo-cli.o [49]
zdoNodeCommandArguments
                        0x0006b188     0x8  Data  Lc  znet-cli.o [1]
zdoNwkAddressRequestCommand
                        0x00059215    0x18  Code  Gb  zdo-cli.o [49]
zdoNwkCommandArguments  0x0006b190     0x8  Data  Lc  znet-cli.o [1]
zdoNwkUpdChanCommandArguments
                        0x0006b198     0x8  Data  Lc  znet-cli.o [1]
zdoNwkUpdChanPgCommandArguments
                        0x0006b1a0     0xc  Data  Lc  znet-cli.o [1]
zdoNwkUpdScanChanMaskCommandArguments
                        0x0006b1bc    0x14  Data  Lc  znet-cli.o [1]
zdoNwkUpdScanCommandArguments
                        0x0006b1ac    0x10  Data  Lc  znet-cli.o [1]
zdoNwkUpdSetCommandArguments
                        0x0006b1d0     0xc  Data  Lc  znet-cli.o [1]
zdoOutClListAddCommandArguments
                        0x0006b254     0x8  Data  Lc  znet-cli.o [1]
zdoPowerCommandArguments
                        0x0006b298     0x8  Data  Lc  znet-cli.o [1]
zdoPowerDescriptorRequestCommand
                        0x00059547    0x1a  Code  Gb  zdo-cli.o [49]
zdoRouteCommandArguments
                        0x0006b2a0     0xc  Data  Lc  znet-cli.o [1]
zdoRouteRequestCommand  0x00059629    0x22  Code  Gb  zdo-cli.o [49]
zdoSimpleCommand        0x00059241    0x22  Code  Gb  zdo-cli.o [49]
zdoSimpleCommandArguments
                        0x0006b2ac     0xc  Data  Lc  znet-cli.o [1]
zdoUnbindGroupCommand   0x000595e5    0x18  Code  Gb  zdo-cli.o [49]
zdoUnbindGroupCommandArguments
                        0x0006b2b8    0x18  Data  Lc  znet-cli.o [1]
zdoUnbindUnicastCommand
                        0x000595fd    0x2c  Code  Gb  zdo-cli.o [49]
zdoUnbindUnicastCommandArguments
                        0x0006b2d0    0x1c  Data  Lc  znet-cli.o [1]
zeroLenByte             0x2003bcdc     0x2  Data  Lc  message.o [49]
zeroize                 0x00042ed9    0x12  Code  Gb  bg_util.c.obj [71]
zigDevApsStruct         0x2003a9b0     0x4  Data  Lc  zigbee-device-util.o [83]
zigDevRequestRadius     0x20034fdf     0x1  Data  Gb  zigbee-device-common.o [1]
zigDevRequestSequence   0x2003bdc2     0x1  Data  Lc  zigbee-device-common.o [1]
zigDevRequestSequence   0x2003a9ac     0x1  Data  Lc  zigbee-device-util.o [83]
zigbeeMacFilterList     0x00062abc    0x10  Data  Gb  ember-configuration.o [1]
zigbee_task             0x000212b1    0x12  Code  Lc  rtos-main.o [40]
zigbee_task_attr        0x20037cc0    0x24  Data  Lc  rtos-main.o [40]
zigbee_task_cb          0x20037bbc   0x104  Data  Lc  rtos-main.o [40]
zigbee_task_event_flags_attr
                        0x20034774    0x10  Data  Lc  rtos-main.o [40]
zigbee_task_event_flags_cb
                        0x20037ce8    0x2c  Data  Lc  rtos-main.o [40]
zigbee_task_event_flags_id
                        0x20037ce4     0x4  Data  Lc  rtos-main.o [40]
zigbee_task_stack       0x200350a8  0x15e0  Data  Lc  rtos-main.o [40]
zllActiveScanCompleteHandler
                        0x0000c589    0x16  Code  Lc  zigbee-scan.o [83]
zllNodeType             0x2003a851     0x1  Data  Lc  zll-api.o [85]
zllPrimaryChannelMask   0x2003a864     0x4  Data  Lc  zll-api.o [85]
zllSecondaryChannelMask
                        0x2003a88c     0x4  Data  Lc  zll-api.o [85]
zllSequenceNum          0x2003bdd9     0x1  Data  Lc  zll-interpan.o [85]
zll_channel_stay        0x0000c3fd    0x2e  Code  Gb  zigbee-scan.o [83]
zll_scan_request_callback
                        0x0000c42b    0xa8  Code  Lc  zigbee-scan.o [83]


[1] = C:\Users\DELL\SimplicityStudio\v5_workspace\DynamicMultiprotocolLightSoc\IAR ARM - Default
[2] = C:\Users\DELL\SimplicityStudio\v5_workspace\DynamicMultiprotocolLightSoc\IAR ARM - Default\adc\EFR32
[3] = C:\Users\DELL\SimplicityStudio\v5_workspace\DynamicMultiprotocolLightSoc\IAR ARM - Default\antenna-stub
[4] = C:\Users\DELL\SimplicityStudio\v5_workspace\DynamicMultiprotocolLightSoc\IAR ARM - Default\ble
[5] = C:\Users\DELL\SimplicityStudio\v5_workspace\DynamicMultiprotocolLightSoc\IAR ARM - Default\ccm-encryption
[6] = C:\Users\DELL\SimplicityStudio\v5_workspace\DynamicMultiprotocolLightSoc\IAR ARM - Default\coexistence-stub\EFR32
[7] = C:\Users\DELL\SimplicityStudio\v5_workspace\DynamicMultiprotocolLightSoc\IAR ARM - Default\counters
[8] = C:\Users\DELL\SimplicityStudio\v5_workspace\DynamicMultiprotocolLightSoc\IAR ARM - Default\debug-basic-library\EFR32
[9] = C:\Users\DELL\SimplicityStudio\v5_workspace\DynamicMultiprotocolLightSoc\IAR ARM - Default\debug-jtag\EFR32
[10] = C:\Users\DELL\SimplicityStudio\v5_workspace\DynamicMultiprotocolLightSoc\IAR ARM - Default\dmp-tuning
[11] = C:\Users\DELL\SimplicityStudio\v5_workspace\DynamicMultiprotocolLightSoc\IAR ARM - Default\dmp-ui-demo-stub
[12] = C:\Users\DELL\SimplicityStudio\v5_workspace\DynamicMultiprotocolLightSoc\IAR ARM - Default\eeprom
[13] = C:\Users\DELL\SimplicityStudio\v5_workspace\DynamicMultiprotocolLightSoc\IAR ARM - Default\efr32
[14] = C:\Users\DELL\SimplicityStudio\v5_workspace\DynamicMultiprotocolLightSoc\IAR ARM - Default\ember-minimal-printf
[15] = C:\Users\DELL\SimplicityStudio\v5_workspace\DynamicMultiprotocolLightSoc\IAR ARM - Default\emdrv
[16] = C:\Users\DELL\SimplicityStudio\v5_workspace\DynamicMultiprotocolLightSoc\IAR ARM - Default\emlib
[17] = C:\Users\DELL\SimplicityStudio\v5_workspace\DynamicMultiprotocolLightSoc\IAR ARM - Default\external-generated-files
[18] = C:\Users\DELL\SimplicityStudio\v5_workspace\DynamicMultiprotocolLightSoc\IAR ARM - Default\find-and-bind-target
[19] = C:\Users\DELL\SimplicityStudio\v5_workspace\DynamicMultiprotocolLightSoc\IAR ARM - Default\form-and-join
[20] = C:\Users\DELL\SimplicityStudio\v5_workspace\DynamicMultiprotocolLightSoc\IAR ARM - Default\glib
[21] = C:\Users\DELL\SimplicityStudio\v5_workspace\DynamicMultiprotocolLightSoc\IAR ARM - Default\glib\EFR32
[22] = C:\Users\DELL\SimplicityStudio\v5_workspace\DynamicMultiprotocolLightSoc\IAR ARM - Default\green-power-client
[23] = C:\Users\DELL\SimplicityStudio\v5_workspace\DynamicMultiprotocolLightSoc\IAR ARM - Default\green-power-common
[24] = C:\Users\DELL\SimplicityStudio\v5_workspace\DynamicMultiprotocolLightSoc\IAR ARM - Default\groups-server
[25] = C:\Users\DELL\SimplicityStudio\v5_workspace\DynamicMultiprotocolLightSoc\IAR ARM - Default\hal-library\EFR32
[26] = C:\Users\DELL\SimplicityStudio\v5_workspace\DynamicMultiprotocolLightSoc\IAR ARM - Default\identify
[27] = C:\Users\DELL\SimplicityStudio\v5_workspace\DynamicMultiprotocolLightSoc\IAR ARM - Default\identify-feedback
[28] = C:\Users\DELL\SimplicityStudio\v5_workspace\DynamicMultiprotocolLightSoc\IAR ARM - Default\idle-sleep
[29] = C:\Users\DELL\SimplicityStudio\v5_workspace\DynamicMultiprotocolLightSoc\IAR ARM - Default\interpan
[30] = C:\Users\DELL\SimplicityStudio\v5_workspace\DynamicMultiprotocolLightSoc\IAR ARM - Default\kit-drivers
[31] = C:\Users\DELL\SimplicityStudio\v5_workspace\DynamicMultiprotocolLightSoc\IAR ARM - Default\mbedtls-multiprotocol
[32] = C:\Users\DELL\SimplicityStudio\v5_workspace\DynamicMultiprotocolLightSoc\IAR ARM - Default\mbedtls\EFR32
[33] = C:\Users\DELL\SimplicityStudio\v5_workspace\DynamicMultiprotocolLightSoc\IAR ARM - Default\micrium-rtos
[34] = C:\Users\DELL\SimplicityStudio\v5_workspace\DynamicMultiprotocolLightSoc\IAR ARM - Default\micrium-rtos\EFR32
[35] = C:\Users\DELL\SimplicityStudio\v5_workspace\DynamicMultiprotocolLightSoc\IAR ARM - Default\network-steering
[36] = C:\Users\DELL\SimplicityStudio\v5_workspace\DynamicMultiprotocolLightSoc\IAR ARM - Default\nvm3
[37] = C:\Users\DELL\SimplicityStudio\v5_workspace\DynamicMultiprotocolLightSoc\IAR ARM - Default\nvm3\EFR32
[38] = C:\Users\DELL\SimplicityStudio\v5_workspace\DynamicMultiprotocolLightSoc\IAR ARM - Default\on-off
[39] = C:\Users\DELL\SimplicityStudio\v5_workspace\DynamicMultiprotocolLightSoc\IAR ARM - Default\reporting
[40] = C:\Users\DELL\SimplicityStudio\v5_workspace\DynamicMultiprotocolLightSoc\IAR ARM - Default\rtos-common
[41] = C:\Users\DELL\SimplicityStudio\v5_workspace\DynamicMultiprotocolLightSoc\IAR ARM - Default\scan-dispatch
[42] = C:\Users\DELL\SimplicityStudio\v5_workspace\DynamicMultiprotocolLightSoc\IAR ARM - Default\scenes
[43] = C:\Users\DELL\SimplicityStudio\v5_workspace\DynamicMultiprotocolLightSoc\IAR ARM - Default\serial
[44] = C:\Users\DELL\SimplicityStudio\v5_workspace\DynamicMultiprotocolLightSoc\IAR ARM - Default\serial\EFR32
[45] = C:\Users\DELL\SimplicityStudio\v5_workspace\DynamicMultiprotocolLightSoc\IAR ARM - Default\sim-eeprom2-to-nvm3-upgrade\EFR32
[46] = C:\Users\DELL\SimplicityStudio\v5_workspace\DynamicMultiprotocolLightSoc\IAR ARM - Default\spidisplay
[47] = C:\Users\DELL\SimplicityStudio\v5_workspace\DynamicMultiprotocolLightSoc\IAR ARM - Default\strong-random
[48] = C:\Users\DELL\SimplicityStudio\v5_workspace\DynamicMultiprotocolLightSoc\IAR ARM - Default\update-tc-link-key
[49] = C:\Users\DELL\SimplicityStudio\v5_workspace\DynamicMultiprotocolLightSoc\IAR ARM - Default\zcl-framework-core
[50] = C:\Users\DELL\SimplicityStudio\v5_workspace\DynamicMultiprotocolLightSoc\IAR ARM - Default\zll-commissioning-common
[51] = C:\Users\DELL\SimplicityStudio\v5_workspace\DynamicMultiprotocolLightSoc\IAR ARM - Default\zll-commissioning-server
[52] = C:\Users\DELL\SimplicityStudio\v5_workspace\DynamicMultiprotocolLightSoc\IAR ARM - Default\zll-identify-server
[53] = C:\Users\DELL\SimplicityStudio\v5_workspace\DynamicMultiprotocolLightSoc\IAR ARM - Default\zll-on-off-server
[54] = C:\Users\DELL\SimplicityStudio\v5_workspace\DynamicMultiprotocolLightSoc\IAR ARM - Default\zll-scenes-server
[55] = C:\Users\DELL\SimplicityStudio\v5_workspace\DynamicMultiprotocolLightSoc\IAR ARM - Default\zll-utility-server
[56] = command line
[57] = binding-table-library.a
[58] = cbke-163k1-stub-library.a
[59] = cbke-283k1-stub-library.a
[60] = cbke-library-dsa-sign-stub.a
[61] = cbke-library-dsa-verify-283k1-stub.a
[62] = cbke-library-dsa-verify-stub.a
[63] = cbke-stub-library.a
[64] = debug-basic-library.a
[65] = debug-extended-stub-library.a
[66] = dl7M_tln.a
[67] = end-device-bind-stub-library.a
[68] = gp-library.a
[69] = hal-library.a
[70] = install-code-library.a
[71] = libbluetooth.a
[72] = libnvm3_CM4_iar.a
[73] = librail_multiprotocol_efr32xg12_iar_release.a
[74] = m7M_tls.a
[75] = multi-network-stub-library.a
[76] = multi-pan-stub-library.a
[77] = packet-validate-library.a
[78] = rt7M_tl.a
[79] = security-library-link-keys.a
[80] = sim-eeprom2-library.a
[81] = sim-eeprom2-to-nvm3-upgrade-library.a
[82] = source-route-library.a
[83] = zigbee-pro-stack.a
[84] = zigbee-r22-support-stub-library.a
[85] = zll-library.a

  378 948 bytes of readonly  code memory
      104 bytes of readwrite code memory
   71 947 bytes of readonly  data memory
   89 306 bytes of readwrite data memory

Errors: none
Warnings: 1
